Archive member included because of file (symbol)

.\CortexM0\ARM_GCC_484\Debug\Connection_Parameters.a(cyfitter_cfg.o)
                              .\CortexM0\ARM_GCC_484\Debug\Cm0Start.o (cyfitter_cfg)
.\CortexM0\ARM_GCC_484\Debug\Connection_Parameters.a(BLE.o)
                              .\CortexM0\ARM_GCC_484\Debug\main.o (CyBle_Start)
.\CortexM0\ARM_GCC_484\Debug\Connection_Parameters.a(BLE_gatt.o)
                              .\CortexM0\ARM_GCC_484\Debug\main.o (cyBle_state)
.\CortexM0\ARM_GCC_484\Debug\Connection_Parameters.a(BLE_eventHandler.o)
                              .\CortexM0\ARM_GCC_484\Debug\Connection_Parameters.a(BLE.o) (CyBle_EventHandler)
.\CortexM0\ARM_GCC_484\Debug\Connection_Parameters.a(BLE_dis.o)
                              .\CortexM0\ARM_GCC_484\Debug\Connection_Parameters.a(BLE.o) (CyBle_DisInit)
.\CortexM0\ARM_GCC_484\Debug\Connection_Parameters.a(SW2.o)
                              .\CortexM0\ARM_GCC_484\Debug\main.o (SW2_ClearInterrupt)
.\CortexM0\ARM_GCC_484\Debug\Connection_Parameters.a(SW2_Interrupt.o)
                              .\CortexM0\ARM_GCC_484\Debug\main.o (SW2_Interrupt_StartEx)
.\CortexM0\ARM_GCC_484\Debug\Connection_Parameters.a(Led_Red.o)
                              .\CortexM0\ARM_GCC_484\Debug\main.o (Led_Red_Write)
.\CortexM0\ARM_GCC_484\Debug\Connection_Parameters.a(Led_Green.o)
                              .\CortexM0\ARM_GCC_484\Debug\main.o (Led_Green_Write)
.\CortexM0\ARM_GCC_484\Debug\Connection_Parameters.a(Led_Blue.o)
                              .\CortexM0\ARM_GCC_484\Debug\main.o (Led_Blue_Write)
.\CortexM0\ARM_GCC_484\Debug\Connection_Parameters.a(CyBootAsmGnu.o)
                              .\CortexM0\ARM_GCC_484\Debug\Connection_Parameters.a(cyfitter_cfg.o) (CyDelayCycles)
.\CortexM0\ARM_GCC_484\Debug\Connection_Parameters.a(CyLib.o)
                              .\CortexM0\ARM_GCC_484\Debug\Connection_Parameters.a(cyfitter_cfg.o) (CySysClkWcoStart)
.\CortexM0\ARM_GCC_484\Debug\Connection_Parameters.a(cyPm.o)
                              .\CortexM0\ARM_GCC_484\Debug\main.o (CySysPmSleep)
C:\Program Files (x86)\Cypress\PSoC Creator\3.2\PSoC Creator\psoc\content\cycomponentlibrary\CyComponentLibrary.cylib\BLE_v1_10\Library\gccCyBLEStack_BLE_SOC_PERIPHERAL.a(CyBle.o)
                              .\CortexM0\ARM_GCC_484\Debug\main.o (CyBle_EnterLPM)
C:\Program Files (x86)\Cypress\PSoC Creator\3.2\PSoC Creator\psoc\content\cycomponentlibrary\CyComponentLibrary.cylib\BLE_v1_10\Library\gccCyBLEStack_BLE_SOC_PERIPHERAL.a(CyBleStackMgrIP_Interface.o)
                              C:\Program Files (x86)\Cypress\PSoC Creator\3.2\PSoC Creator\psoc\content\cycomponentlibrary\CyComponentLibrary.cylib\BLE_v1_10\Library\gccCyBLEStack_BLE_SOC_PERIPHERAL.a(CyBle.o) (CyBleStackMgr_BleGetConfigData)
C:\Program Files (x86)\Cypress\PSoC Creator\3.2\PSoC Creator\psoc\content\cycomponentlibrary\CyComponentLibrary.cylib\BLE_v1_10\Library\gccCyBLEStack_BLE_SOC_PERIPHERAL.a(BT_os.o)
                              C:\Program Files (x86)\Cypress\PSoC Creator\3.2\PSoC Creator\psoc\content\cycomponentlibrary\CyComponentLibrary.cylib\BLE_v1_10\Library\gccCyBLEStack_BLE_SOC_PERIPHERAL.a(CyBleStackMgrIP_Interface.o) (bt_stack_init_os)
C:\Program Files (x86)\Cypress\PSoC Creator\3.2\PSoC Creator\psoc\content\cycomponentlibrary\CyComponentLibrary.cylib\BLE_v1_10\Library\gccCyBLEStack_BLE_SOC_PERIPHERAL.a(CyBleStackMgr_StackTaskHandler.o)
                              C:\Program Files (x86)\Cypress\PSoC Creator\3.2\PSoC Creator\psoc\content\cycomponentlibrary\CyComponentLibrary.cylib\BLE_v1_10\Library\gccCyBLEStack_BLE_SOC_PERIPHERAL.a(CyBleStackMgrIP_Interface.o) (CyBle_CreateBleStackTask)
C:\Program Files (x86)\Cypress\PSoC Creator\3.2\PSoC Creator\psoc\content\cycomponentlibrary\CyComponentLibrary.cylib\BLE_v1_10\Library\gccCyBLEStack_BLE_SOC_PERIPHERAL.a(transport_sf.o)
                              C:\Program Files (x86)\Cypress\PSoC Creator\3.2\PSoC Creator\psoc\content\cycomponentlibrary\CyComponentLibrary.cylib\BLE_v1_10\Library\gccCyBLEStack_BLE_SOC_PERIPHERAL.a(CyBleStackMgr_StackTaskHandler.o) (hci_soft_transport_notify_data_received)
C:\Program Files (x86)\Cypress\PSoC Creator\3.2\PSoC Creator\psoc\content\cycomponentlibrary\CyComponentLibrary.cylib\BLE_v1_10\Library\gccCyBLEStack_BLE_SOC_PERIPHERAL.a(CyBleStackMgr_PSoCHal.o)
                              C:\Program Files (x86)\Cypress\PSoC Creator\3.2\PSoC Creator\psoc\content\cycomponentlibrary\CyComponentLibrary.cylib\BLE_v1_10\Library\gccCyBLEStack_BLE_SOC_PERIPHERAL.a(CyBleStackMgrIP_Interface.o) (CyBleStackMgr_HalInit)
C:\Program Files (x86)\Cypress\PSoC Creator\3.2\PSoC Creator\psoc\content\cycomponentlibrary\CyComponentLibrary.cylib\BLE_v1_10\Library\gccCyBLEStack_BLE_SOC_PERIPHERAL.a(CyBleStackMgr_BleSSDriver.o)
[...]
Memory Configuration

Name             Origin             Length             Attributes
rom              0x00000000         0x00020000         xr
ram              0x20000000         0x00004000         xrw
*default*        0x00000000         0xffffffff

Linker script and memory map

LOAD c:/program files (x86)/cypress/psoc creator/3.2/psoc creator/import/gnu/arm/4.8.4/bin/../lib/gcc/arm-none-eabi/4.8.4/armv6-m/crti.o
LOAD c:/program files (x86)/cypress/psoc creator/3.2/psoc creator/import/gnu/arm/4.8.4/bin/../lib/gcc/arm-none-eabi/4.8.4/armv6-m/crtbegin.o
LOAD c:/program files (x86)/cypress/psoc creator/3.2/psoc creator/import/gnu/arm/4.8.4/bin/../lib/gcc/arm-none-eabi/4.8.4/../../../../arm-none-eabi/lib/armv6-m/crt0.o
START GROUP
LOAD .\CortexM0\ARM_GCC_484\Debug\main.o
LOAD .\CortexM0\ARM_GCC_484\Debug\cymetadata.o
LOAD .\CortexM0\ARM_GCC_484\Debug\Cm0Start.o
LOAD .\CortexM0\ARM_GCC_484\Debug\Connection_Parameters.a
LOAD C:\Program Files (x86)\Cypress\PSoC Creator\3.2\PSoC Creator\psoc\content\cycomponentlibrary\CyComponentLibrary.cylib\BLE_v1_10\Library\gccCyBLEStack_BLE_SOC_PERIPHERAL.a
LOAD C:\Program Files (x86)\Cypress\PSoC Creator\3.2\PSoC Creator\psoc\content\cycomponentlibrary\CyComponentLibrary.cylib\CortexM0\ARM_GCC_484\Debug\CyComponentLibrary.a
END GROUP
START GROUP
LOAD c:/program files (x86)/cypress/psoc creator/3.2/psoc creator/import/gnu/arm/4.8.4/bin/../lib/gcc/arm-none-eabi/4.8.4/armv6-m\libgcc.a
LOAD c:/program files (x86)/cypress/psoc creator/3.2/psoc creator/import/gnu/arm/4.8.4/bin/../lib/gcc/arm-none-eabi/4.8.4/../../../../arm-none-eabi/lib/armv6-m\libg_s.a
LOAD c:/program files (x86)/cypress/psoc creator/3.2/psoc creator/import/gnu/arm/4.8.4/bin/../lib/gcc/arm-none-eabi/4.8.4/../../../../arm-none-eabi/lib/armv6-m\libc_s.a
END GROUP
START GROUP
LOAD c:/program files (x86)/cypress/psoc creator/3.2/psoc creator/import/gnu/arm/4.8.4/bin/../lib/gcc/arm-none-eabi/4.8.4/armv6-m\libgcc.a
LOAD c:/program files (x86)/cypress/psoc creator/3.2/psoc creator/import/gnu/arm/4.8.4/bin/../lib/gcc/arm-none-eabi/4.8.4/../../../../arm-none-eabi/lib/armv6-m\libc_s.a
END GROUP
LOAD c:/program files (x86)/cypress/psoc creator/3.2/psoc creator/import/gnu/arm/4.8.4/bin/../lib/gcc/arm-none-eabi/4.8.4/armv6-m/crtend.o
LOAD c:/program files (x86)/cypress/psoc creator/3.2/psoc creator/import/gnu/arm/4.8.4/bin/../lib/gcc/arm-none-eabi/4.8.4/armv6-m/crtn.o
START GROUP
LOAD c:/program files (x86)/cypress/psoc creator/3.2/psoc creator/import/gnu/arm/4.8.4/bin/../lib/gcc/arm-none-eabi/4.8.4/armv6-m\libgcc.a
LOAD c:/program files (x86)/cypress/psoc creator/3.2/psoc creator/import/gnu/arm/4.8.4/bin/../lib/gcc/arm-none-eabi/4.8.4/../../../../arm-none-eabi/lib/armv6-m\libc.a
LOAD c:/program files (x86)/cypress/psoc creator/3.2/psoc creator/import/gnu/arm/4.8.4/bin/../lib/gcc/arm-none-eabi/4.8.4/../../../../arm-none-eabi/lib/armv6-m\libnosys.a
END GROUP
                0x00000000                CY_APPL_ORIGIN = 0x0
                0x00000080                CY_FLASH_ROW_SIZE = 0x80
                0x00000001                CY_APPL_NUM = 0x1
                0x00000040                CY_METADATA_SIZE = 0x40
                0x200024f0                PROVIDE (__cy_heap_start, _end)
                0x00000001                PROVIDE (__cy_region_num, ((__cy_regions_end - __cy_regions) / 0x10))
                0x20004000                PROVIDE (__cy_stack, (ORIGIN (ram) + 0x4000))
                0x20003800                PROVIDE (__cy_heap_end, (__cy_stack - 0x800))

.cybootloader   0x00000000        0x0
 *(.cybootloader)
                0x00000000                appl1_start = CY_APPL_ORIGIN?CY_APPL_ORIGIN:ALIGN (CY_FLASH_ROW_SIZE)
                0x0000ff80                appl2_start = (appl1_start + ALIGN ((((0x20000 - appl1_start) - (0x2 * CY_FLASH_ROW_SIZE)) / 0x2), CY_FLASH_ROW_SIZE))
                0x00000000                appl_start = (CY_APPL_NUM == 0x1)?appl1_start:appl2_start

.text           0x00000000      0xd18
 CREATE_OBJECT_SYMBOLS
                0x00000000                PROVIDE (__cy_interrupt_vector, RomVectors)
 *(.romvectors)
 .romvectors    0x00000000       0x10 .\CortexM0\ARM_GCC_484\Debug\Cm0Start.o
                0x00000000                RomVectors
                0x00000001                ASSERT ((. != __cy_interrupt_vector), No interrupt vector)
                0x00000001                ASSERT (CY_APPL_ORIGIN?(SIZEOF (.cybootloader) <= CY_APPL_ORIGIN):0x1, Wrong image location)
                0x00000010                PROVIDE (__cy_reset, Reset)
 *(.text.Reset)
 .text.Reset    0x00000010        0x6 .\CortexM0\ARM_GCC_484\Debug\Cm0Start.o
                0x00000010                Reset
                0x00000001                ASSERT ((. != __cy_reset), No reset code)
 *(.psocinit)
 *fill*         0x00000016        0x2 
 .psocinit      0x00000018      0x174 .\CortexM0\ARM_GCC_484\Debug\Connection_Parameters.a(cyfitter_cfg.o)
                0x00000018                cyfitter_cfg
                0x0000018c                . = MAX (., 0x100)
 *(.text .text.* .gnu.linkonce.t.*)
 .text          0x0000018c       0x60 c:/program files (x86)/cypress/psoc creator/3.2/psoc creator/import/gnu/arm/4.8.4/bin/../lib/gcc/arm-none-eabi/4.8.4/armv6-m/crtbegin.o
 .text.UserSwitchIsr
                0x000001ec       0x28 .\CortexM0\ARM_GCC_484\Debug\main.o
                0x000001ec                UserSwitchIsr
 .text.StackEventHandler
                0x00000214       0xa8 .\CortexM0\ARM_GCC_484\Debug\main.o
                0x00000214                StackEventHandler
 .text.startup.main
                0x000002bc       0x5c .\CortexM0\ARM_GCC_484\Debug\main.o
                0x000002bc                main
 .text.IntDefaultHandler
                0x00000318        0x2 .\CortexM0\ARM_GCC_484\Debug\Cm0Start.o
                0x00000318                IntDefaultHandler
 *fill*         0x0000031a        0x2 
 .text.Start_c  0x0000031c       0x4c .\CortexM0\ARM_GCC_484\Debug\Cm0Start.o
                0x0000031c                Start_c
 .text.startup.initialize_psoc
                0x00000368       0x50 .\CortexM0\ARM_GCC_484\Debug\Cm0Start.o
                0x00000368                initialize_psoc
 .text.CyBle_Init
                0x000003b8       0x24 .\CortexM0\ARM_GCC_484\Debug\Connection_Parameters.a(BLE.o)
                0x000003b8                CyBle_Init
 .text.CyBle_Start
                0x000003dc       0x58 .\CortexM0\ARM_GCC_484\Debug\Connection_Parameters.a(BLE.o)
                0x000003dc                CyBle_Start
 .text.CyBle_GappStartAdvertisement
                0x00000434       0x74 .\CortexM0\ARM_GCC_484\Debug\Connection_Parameters.a(BLE.o)
                0x00000434                CyBle_GappStartAdvertisement
 .text.CyBle_Get16ByPtr
                0x000004a8        0xa .\CortexM0\ARM_GCC_484\Debug\Connection_Parameters.a(BLE.o)
                0x000004a8                CyBle_Get16ByPtr
 *fill*         0x000004b2        0x2 
 .text.CyBle_GattsWriteEventHandler
                0x000004b4       0x50 .\CortexM0\ARM_GCC_484\Debug\Connection_Parameters.a(BLE_gatt.o)
                0x000004b4                CyBle_GattsWriteEventHandler
 .text.CyBle_EventHandler
                0x00000504      0x1d4 .\CortexM0\ARM_GCC_484\Debug\Connection_Parameters.a(BLE_eventHandler.o)
                0x00000504                CyBle_EventHandler
 .text.CyBle_DisInit
                0x000006d8        0x2 .\CortexM0\ARM_GCC_484\Debug\Connection_Parameters.a(BLE_dis.o)
                0x000006d8                CyBle_DisInit
 *fill*         0x000006da        0x2 
 .text.SW2_ClearInterrupt
                0x000006dc       0x14 .\CortexM0\ARM_GCC_484\Debug\Connection_Parameters.a(SW2.o)
                0x000006dc                SW2_ClearInterrupt
 .text.SW2_Interrupt_SetPriority
                0x000006f0       0x28 .\CortexM0\ARM_GCC_484\Debug\Connection_Parameters.a(SW2_Interrupt.o)
                0x000006f0                SW2_Interrupt_SetPriority
 .text.SW2_Interrupt_StartEx
                0x00000718       0x24 .\CortexM0\ARM_GCC_484\Debug\Connection_Parameters.a(SW2_Interrupt.o)
                0x00000718                SW2_Interrupt_StartEx
 .text.Led_Red_Write
                0x0000073c       0x18 .\CortexM0\ARM_GCC_484\Debug\Connection_Parameters.a(Led_Red.o)
                0x0000073c                Led_Red_Write
 .text.Led_Green_Write
                0x00000754       0x18 .\CortexM0\ARM_GCC_484\Debug\Connection_Parameters.a(Led_Green.o)
                0x00000754                Led_Green_Write
 .text.Led_Blue_Write
                0x0000076c       0x18 .\CortexM0\ARM_GCC_484\Debug\Connection_Parameters.a(Led_Blue.o)
                0x0000076c                Led_Blue_Write
 *fill*         0x00000784        0x4 
 .text          0x00000788       0x20 .\CortexM0\ARM_GCC_484\Debug\Connection_Parameters.a(CyBootAsmGnu.o)
                0x00000788                CyDelayCycles
                0x0000079a                CyEnterCriticalSection
                0x000007a2                CyExitCriticalSection
 .text.CySysClkWcoSetHighPowerMode
                0x000007a8       0x2c .\CortexM0\ARM_GCC_484\Debug\Connection_Parameters.a(CyLib.o)
 .text.CySysClkWriteSysclkDiv
                0x000007d4       0x2c .\CortexM0\ARM_GCC_484\Debug\Connection_Parameters.a(CyLib.o)
                0x000007d4                CySysClkWriteSysclkDiv
 .text.CySysClkWcoStart
                0x00000800       0x18 .\CortexM0\ARM_GCC_484\Debug\Connection_Parameters.a(CyLib.o)
                0x00000800                CySysClkWcoStart
 .text.CySysClkWcoSetPowerMode
                0x00000818       0x50 .\CortexM0\ARM_GCC_484\Debug\Connection_Parameters.a(CyLib.o)
                0x00000818                CySysClkWcoSetPowerMode
 .text.CyDelayUs
                0x00000868       0x14 .\CortexM0\ARM_GCC_484\Debug\Connection_Parameters.a(CyLib.o)
                0x00000868                CyDelayUs
 .text.CySysClkWriteImoFreq
                0x0000087c      0x124 .\CortexM0\ARM_GCC_484\Debug\Connection_Parameters.a(CyLib.o)
                0x0000087c                CySysClkWriteImoFreq
 .text.CySysClkEcoStart
                0x000009a0       0x54 .\CortexM0\ARM_GCC_484\Debug\Connection_Parameters.a(CyLib.o)
                0x000009a0                CySysClkEcoStart
 .text.CySysPmSleep
                0x000009f4       0x1c .\CortexM0\ARM_GCC_484\Debug\Connection_Parameters.a(cyPm.o)
                0x000009f4                CySysPmSleep
 .text.CySysPmDeepSleep
                0x00000a10       0x54 .\CortexM0\ARM_GCC_484\Debug\Connection_Parameters.a(cyPm.o)
                0x00000a10                CySysPmDeepSleep
 .text.CyBLE_Bless_LlRegWrite
                0x00000a64        0x4 .\CortexM0\ARM_GCC_484\Debug\Connection_Parameters.a(BLE_HAL_PVT.o)
                0x00000a64                CyBLE_Bless_LlRegWrite
 .text.CyBLE_Bless_RfRegWrite
                0x00000a68        0x4 .\CortexM0\ARM_GCC_484\Debug\Connection_Parameters.a(BLE_HAL_PVT.o)
                0x00000a68                CyBLE_Bless_RfRegWrite
 .text.CyBleHal_DelayUs
                0x00000a6c        0x8 .\CortexM0\ARM_GCC_484\Debug\Connection_Parameters.a(BLE_HAL_PVT.o)
                0x00000a6c                CyBleHal_DelayUs
 .text.CyBleHal_EnableGlobalInterrupts
                0x00000a74        0x8 .\CortexM0\ARM_GCC_484\Debug\Connection_Parameters.a(BLE_HAL_PVT.o)
                0x00000a74                CyBleHal_EnableGlobalInterrupts
 .text.CyBleHal_DisableGlobalInterrupts
                0x00000a7c        0x8 .\CortexM0\ARM_GCC_484\Debug\Connection_Parameters.a(BLE_HAL_PVT.o)
                0x00000a7c                CyBleHal_DisableGlobalInterrupts
 .text.CyBle_HalInit
                0x00000a84       0x18 .\CortexM0\ARM_GCC_484\Debug\Connection_Parameters.a(BLE_HAL_PVT.o)
                0x00000a84                CyBle_HalInit
 .text.CYBLE_BlessStart
                0x00000a9c       0x10 .\CortexM0\ARM_GCC_484\Debug\Connection_Parameters.a(BLE_HAL_PVT.o)
                0x00000a9c                CYBLE_BlessStart
 .text.BLE_bless_isr_SetVector
                0x00000aac        0xc .\CortexM0\ARM_GCC_484\Debug\Connection_Parameters.a(BLE_bless_isr.o)
                0x00000aac                BLE_bless_isr_SetVector
 .text.BLE_bless_isr_SetPriority
                0x00000ab8       0x24 .\CortexM0\ARM_GCC_484\Debug\Connection_Parameters.a(BLE_bless_isr.o)
                0x00000ab8                BLE_bless_isr_SetPriority
 .text.BLE_bless_isr_StartEx
                0x00000adc       0x28 .\CortexM0\ARM_GCC_484\Debug\Connection_Parameters.a(BLE_bless_isr.o)
                0x00000adc                BLE_bless_isr_StartEx
 .text.BLE_bless_isr_Enable
                0x00000b04       0x10 .\CortexM0\ARM_GCC_484\Debug\Connection_Parameters.a(BLE_bless_isr.o)
                0x00000b04                BLE_bless_isr_Enable
 .text.BLE_bless_isr_Disable
                0x00000b14       0x10 .\CortexM0\ARM_GCC_484\Debug\Connection_Parameters.a(BLE_bless_isr.o)
                0x00000b14                BLE_bless_isr_Disable
 .text.CyBLE_Bless_Interrupt
                0x00000b24        0x8 .\CortexM0\ARM_GCC_484\Debug\Connection_Parameters.a(BLE_HAL_INT.o)
                0x00000b24                CyBLE_Bless_Interrupt
 .text          0x00000b2c       0x9c c:/program files (x86)/cypress/psoc creator/3.2/psoc creator/import/gnu/arm/4.8.4/bin/../lib/gcc/arm-none-eabi/4.8.4/armv6-m\libgcc.a(_udivsi3.o)
                0x00000b2c                __aeabi_uidiv
                0x00000b2c                __udivsi3
                0x00000bb4                __aeabi_uidivmod
 .text          0x00000bc8       0xc0 c:/program files (x86)/cypress/psoc creator/3.2/psoc creator/import/gnu/arm/4.8.4/bin/../lib/gcc/arm-none-eabi/4.8.4/armv6-m\libgcc.a(_divsi3.o)
                0x00000bc8                __divsi3
                0x00000bc8                __aeabi_idiv
                0x00000c74                __aeabi_idivmod
 .text          0x00000c88        0x4 c:/program files (x86)/cypress/psoc creator/3.2/psoc creator/import/gnu/arm/4.8.4/bin/../lib/gcc/arm-none-eabi/4.8.4/armv6-m\libgcc.a(_dvmd_tls.o)
                0x00000c88                __aeabi_idiv0
                0x00000c88                __aeabi_ldiv0
 .text.__libc_init_array
                0x00000c8c       0x4c c:/program files (x86)/cypress/psoc creator/3.2/psoc creator/import/gnu/arm/4.8.4/bin/../lib/gcc/arm-none-eabi/4.8.4/../../../../arm-none-eabi/lib/armv6-m\libg_s.a(lib_a-init.o)
                0x00000c8c                __libc_init_array
 .text.memcmp   0x00000cd8       0x1e c:/program files (x86)/cypress/psoc creator/3.2/psoc creator/import/gnu/arm/4.8.4/bin/../lib/gcc/arm-none-eabi/4.8.4/../../../../arm-none-eabi/lib/armv6-m\libg_s.a(lib_a-memcmp.o)
                0x00000cd8                memcmp
 .text.memcpy   0x00000cf6       0x12 c:/program files (x86)/cypress/psoc creator/3.2/psoc creator/import/gnu/arm/4.8.4/bin/../lib/gcc/arm-none-eabi/4.8.4/../../../../arm-none-eabi/lib/armv6-m\libg_s.a(lib_a-memcpy-stub.o)
                0x00000cf6                memcpy
 .text.memset   0x00000d08       0x10 c:/program files (x86)/cypress/psoc creator/3.2/psoc creator/import/gnu/arm/4.8.4/bin/../lib/gcc/arm-none-eabi/4.8.4/../../../../arm-none-eabi/lib/armv6-m\libg_s.a(lib_a-memset.o)
                0x00000d08                memset
 *(.plt)
 *(.gnu.warning)
 *(.glue_7t)
 .glue_7t       0x00000000        0x0 linker stubs
 *(.glue_7)
 .glue_7        0x00000000        0x0 linker stubs
 *(.vfp11_veneer)
 .vfp11_veneer  0x00000000        0x0 linker stubs
 *(.bootloader)
 *(.ARM.extab* .gnu.linkonce.armextab.*)
 *(.gcc_except_table)

.v4_bx          0x00000d18        0x0
 .v4_bx         0x00000000        0x0 linker stubs

.iplt           0x00000d18        0x0
 .iplt          0x00000000        0x0 c:/program files (x86)/cypress/psoc creator/3.2/psoc creator/import/gnu/arm/4.8.4/bin/../lib/gcc/arm-none-eabi/4.8.4/armv6-m/crtbegin.o

i.CyBle_EnterLPM
                0x00000d18        0x8
 i.CyBle_EnterLPM
                0x00000d18        0x8 C:\Program Files (x86)\Cypress\PSoC Creator\3.2\PSoC Creator\psoc\content\cycomponentlibrary\CyComponentLibrary.cylib\BLE_v1_10\Library\gccCyBLEStack_BLE_SOC_PERIPHERAL.a(CyBle.o)
                0x00000d18                CyBle_EnterLPM

i.CyBle_ExitLPM
                0x00000d20        0x8
 i.CyBle_ExitLPM
                0x00000d20        0x8 C:\Program Files (x86)\Cypress\PSoC Creator\3.2\PSoC Creator\psoc\content\cycomponentlibrary\CyComponentLibrary.cylib\BLE_v1_10\Library\gccCyBLEStack_BLE_SOC_PERIPHERAL.a(CyBle.o)
                0x00000d20                CyBle_ExitLPM

i.CyBle_ProcessEvents
                0x00000d28        0x8
 i.CyBle_ProcessEvents
                0x00000d28        0x8 C:\Program Files (x86)\Cypress\PSoC Creator\3.2\PSoC Creator\psoc\content\cycomponentlibrary\CyComponentLibrary.cylib\BLE_v1_10\Library\gccCyBLEStack_BLE_SOC_PERIPHERAL.a(CyBle.o)
                0x00000d28                CyBle_ProcessEvents

i.CyBle_SetDeviceAddress
                0x00000d30       0x24
 i.CyBle_SetDeviceAddress
                0x00000d30       0x24 C:\Program Files (x86)\Cypress\PSoC Creator\3.2\PSoC Creator\psoc\content\cycomponentlibrary\CyComponentLibrary.cylib\BLE_v1_10\Library\gccCyBLEStack_BLE_SOC_PERIPHERAL.a(CyBle.o)
                0x00000d30                CyBle_SetDeviceAddress

i.CyBle_StackInit
                0x00000d54       0x84
 i.CyBle_StackInit
                0x00000d54       0x84 C:\Program Files (x86)\Cypress\PSoC Creator\3.2\PSoC Creator\psoc\content\cycomponentlibrary\CyComponentLibrary.cylib\BLE_v1_10\Library\gccCyBLEStack_BLE_SOC_PERIPHERAL.a(CyBle.o)
                0x00000d54                CyBle_StackInit

i.CyBleStackMgr_BleGetConfigData
                0x00000dd8        0x4
 i.CyBleStackMgr_BleGetConfigData
                0x00000dd8        0x4 C:\Program Files (x86)\Cypress\PSoC Creator\3.2\PSoC Creator\psoc\content\cycomponentlibrary\CyComponentLibrary.cylib\BLE_v1_10\Library\gccCyBLEStack_BLE_SOC_PERIPHERAL.a(CyBleStackMgrIP_Interface.o)
                0x00000dd8                CyBleStackMgr_BleGetConfigData

i.CyBleStackMgr_BleSetConfigData
                0x00000ddc        0x4
 i.CyBleStackMgr_BleSetConfigData
                0x00000ddc        0x4 C:\Program Files (x86)\Cypress\PSoC Creator\3.2\PSoC Creator\psoc\content\cycomponentlibrary\CyComponentLibrary.cylib\BLE_v1_10\Library\gccCyBLEStack_BLE_SOC_PERIPHERAL.a(CyBleStackMgrIP_Interface.o)
                0x00000ddc                CyBleStackMgr_BleSetConfigData

i.CyBleStackMgr_Init
                0x00000de0      0x104
 i.CyBleStackMgr_Init
                0x00000de0      0x104 C:\Program Files (x86)\Cypress\PSoC Creator\3.2\PSoC Creator\psoc\content\cycomponentlibrary\CyComponentLibrary.cylib\BLE_v1_10\Library\gccCyBLEStack_BLE_SOC_PERIPHERAL.a(CyBleStackMgrIP_Interface.o)
                0x00000de0                CyBleStackMgr_Init

i.CyBleStackMgr_ProcessBleEvents
                0x00000ee4       0x14
 i.CyBleStackMgr_ProcessBleEvents
                0x00000ee4       0x14 C:\Program Files (x86)\Cypress\PSoC Creator\3.2\PSoC Creator\psoc\content\cycomponentlibrary\CyComponentLibrary.cylib\BLE_v1_10\Library\gccCyBLEStack_BLE_SOC_PERIPHERAL.a(CyBleStackMgrIP_Interface.o)
                0x00000ee4                CyBleStackMgr_ProcessBleEvents

i.ble_stack_idle_task_callback
                0x00000ef8        0x2
 i.ble_stack_idle_task_callback
                0x00000ef8        0x2 C:\Program Files (x86)\Cypress\PSoC Creator\3.2\PSoC Creator\psoc\content\cycomponentlibrary\CyComponentLibrary.cylib\BLE_v1_10\Library\gccCyBLEStack_BLE_SOC_PERIPHERAL.a(CyBleStackMgrIP_Interface.o)
                0x00000ef8                ble_stack_idle_task_callback

i.BT_OSFreeBuf  0x00000efc       0x18
 i.BT_OSFreeBuf
                0x00000efc       0x18 C:\Program Files (x86)\Cypress\PSoC Creator\3.2\PSoC Creator\psoc\content\cycomponentlibrary\CyComponentLibrary.cylib\BLE_v1_10\Library\gccCyBLEStack_BLE_SOC_PERIPHERAL.a(BT_os.o)
                0x00000efc                BT_OSFreeBuf

i.BT_OSGetBuF   0x00000f14       0x1c
 i.BT_OSGetBuF  0x00000f14       0x1c C:\Program Files (x86)\Cypress\PSoC Creator\3.2\PSoC Creator\psoc\content\cycomponentlibrary\CyComponentLibrary.cylib\BLE_v1_10\Library\gccCyBLEStack_BLE_SOC_PERIPHERAL.a(BT_os.o)
                0x00000f14                BT_OSGetBuF

i.BT_OSMemCreate
                0x00000f30       0x1c
 i.BT_OSMemCreate
                0x00000f30       0x1c C:\Program Files (x86)\Cypress\PSoC Creator\3.2\PSoC Creator\psoc\content\cycomponentlibrary\CyComponentLibrary.cylib\BLE_v1_10\Library\gccCyBLEStack_BLE_SOC_PERIPHERAL.a(BT_os.o)
                0x00000f30                BT_OSMemCreate

i.BT_alloc_mem_ext
                0x00000f4c       0x34
 i.BT_alloc_mem_ext
                0x00000f4c       0x34 C:\Program Files (x86)\Cypress\PSoC Creator\3.2\PSoC Creator\psoc\content\cycomponentlibrary\CyComponentLibrary.cylib\BLE_v1_10\Library\gccCyBLEStack_BLE_SOC_PERIPHERAL.a(BT_os.o)
                0x00000f4c                BT_alloc_mem_ext

i.BT_free_mem   0x00000f80        0xc
 i.BT_free_mem  0x00000f80        0xc C:\Program Files (x86)\Cypress\PSoC Creator\3.2\PSoC Creator\psoc\content\cycomponentlibrary\CyComponentLibrary.cylib\BLE_v1_10\Library\gccCyBLEStack_BLE_SOC_PERIPHERAL.a(BT_os.o)
                0x00000f80                BT_free_mem

i.bt_stack_init_os
                0x00000f8c       0x34
 i.bt_stack_init_os
                0x00000f8c       0x34 C:\Program Files (x86)\Cypress\PSoC Creator\3.2\PSoC Creator\psoc\content\cycomponentlibrary\CyComponentLibrary.cylib\BLE_v1_10\Library\gccCyBLEStack_BLE_SOC_PERIPHERAL.a(BT_os.o)
                0x00000f8c                bt_stack_init_os

i.CyBle_CheckBleStackTaskStatus
                0x00000fc0        0x4
 i.CyBle_CheckBleStackTaskStatus
                0x00000fc0        0x4 C:\Program Files (x86)\Cypress\PSoC Creator\3.2\PSoC Creator\psoc\content\cycomponentlibrary\CyComponentLibrary.cylib\BLE_v1_10\Library\gccCyBLEStack_BLE_SOC_PERIPHERAL.a(CyBleStackMgr_StackTaskHandler.o)
                0x00000fc0                CyBle_CheckBleStackTaskStatus

i.CyBle_CreateBleStackTask
                0x00000fc4       0x2c
 i.CyBle_CreateBleStackTask
                0x00000fc4       0x2c C:\Program Files (x86)\Cypress\PSoC Creator\3.2\PSoC Creator\psoc\content\cycomponentlibrary\CyComponentLibrary.cylib\BLE_v1_10\Library\gccCyBLEStack_BLE_SOC_PERIPHERAL.a(CyBleStackMgr_StackTaskHandler.o)
                0x00000fc4                CyBle_CreateBleStackTask

i.CyBle_SignalBleStackTask
                0x00000ff0       0x50
 i.CyBle_SignalBleStackTask
                0x00000ff0       0x50 C:\Program Files (x86)\Cypress\PSoC Creator\3.2\PSoC Creator\psoc\content\cycomponentlibrary\CyComponentLibrary.cylib\BLE_v1_10\Library\gccCyBLEStack_BLE_SOC_PERIPHERAL.a(CyBleStackMgr_StackTaskHandler.o)
                0x00000ff0                CyBle_SignalBleStackTask

i.CyBle_StackTaskHandler
                0x00001040       0x5c
 i.CyBle_StackTaskHandler
                0x00001040       0x5c C:\Program Files (x86)\Cypress\PSoC Creator\3.2\PSoC Creator\psoc\content\cycomponentlibrary\CyComponentLibrary.cylib\BLE_v1_10\Library\gccCyBLEStack_BLE_SOC_PERIPHERAL.a(CyBleStackMgr_StackTaskHandler.o)
                0x00001040                CyBle_StackTaskHandler

i.__ARM_common_switch8
                0x0000109c       0x1a
 i.__ARM_common_switch8
                0x0000109c       0x1a C:\Program Files (x86)\Cypress\PSoC Creator\3.2\PSoC Creator\psoc\content\cycomponentlibrary\CyComponentLibrary.cylib\BLE_v1_10\Library\gccCyBLEStack_BLE_SOC_PERIPHERAL.a(CyBleStackMgr_StackTaskHandler.o)
                0x0000109c                __ARM_common_switch8

i.hci_soft_transport_notify_data_received
                0x000010b8        0xc
 i.hci_soft_transport_notify_data_received
                0x000010b8        0xc C:\Program Files (x86)\Cypress\PSoC Creator\3.2\PSoC Creator\psoc\content\cycomponentlibrary\CyComponentLibrary.cylib\BLE_v1_10\Library\gccCyBLEStack_BLE_SOC_PERIPHERAL.a(transport_sf.o)
                0x000010b8                hci_soft_transport_notify_data_received

i.hci_soft_transport_rx_data
                0x000010c4       0x30
 i.hci_soft_transport_rx_data
                0x000010c4       0x30 C:\Program Files (x86)\Cypress\PSoC Creator\3.2\PSoC Creator\psoc\content\cycomponentlibrary\CyComponentLibrary.cylib\BLE_v1_10\Library\gccCyBLEStack_BLE_SOC_PERIPHERAL.a(transport_sf.o)
                0x000010c4                hci_soft_transport_rx_data

i.hci_transport_bt_init
                0x000010f4        0x2
 i.hci_transport_bt_init
                0x000010f4        0x2 C:\Program Files (x86)\Cypress\PSoC Creator\3.2\PSoC Creator\psoc\content\cycomponentlibrary\CyComponentLibrary.cylib\BLE_v1_10\Library\gccCyBLEStack_BLE_SOC_PERIPHERAL.a(transport_sf.o)
                0x000010f4                hci_transport_bt_init

i.hci_transport_init
                0x000010f8       0x10
 i.hci_transport_init
                0x000010f8       0x10 C:\Program Files (x86)\Cypress\PSoC Creator\3.2\PSoC Creator\psoc\content\cycomponentlibrary\CyComponentLibrary.cylib\BLE_v1_10\Library\gccCyBLEStack_BLE_SOC_PERIPHERAL.a(transport_sf.o)
                0x000010f8                hci_transport_init

i.hci_transport_write_data
                0x00001108       0xd4
 i.hci_transport_write_data
                0x00001108       0xd4 C:\Program Files (x86)\Cypress\PSoC Creator\3.2\PSoC Creator\psoc\content\cycomponentlibrary\CyComponentLibrary.cylib\BLE_v1_10\Library\gccCyBLEStack_BLE_SOC_PERIPHERAL.a(transport_sf.o)
                0x00001108                hci_transport_write_data

i.pf_hci_soft_transport_write
                0x000011dc       0x74
 i.pf_hci_soft_transport_write
                0x000011dc       0x74 C:\Program Files (x86)\Cypress\PSoC Creator\3.2\PSoC Creator\psoc\content\cycomponentlibrary\CyComponentLibrary.cylib\BLE_v1_10\Library\gccCyBLEStack_BLE_SOC_PERIPHERAL.a(transport_sf.o)
                0x000011dc                pf_hci_soft_transport_write

i.pf_soft_hci_transport_init
                0x00001250        0xc
 i.pf_soft_hci_transport_init
                0x00001250        0xc C:\Program Files (x86)\Cypress\PSoC Creator\3.2\PSoC Creator\psoc\content\cycomponentlibrary\CyComponentLibrary.cylib\BLE_v1_10\Library\gccCyBLEStack_BLE_SOC_PERIPHERAL.a(transport_sf.o)
                0x00001250                pf_soft_hci_transport_init

i.CyBleStackMgr_GetTime
                0x0000125c       0x14
 i.CyBleStackMgr_GetTime
                0x0000125c       0x14 C:\Program Files (x86)\Cypress\PSoC Creator\3.2\PSoC Creator\psoc\content\cycomponentlibrary\CyComponentLibrary.cylib\BLE_v1_10\Library\gccCyBLEStack_BLE_SOC_PERIPHERAL.a(CyBleStackMgr_PSoCHal.o)
                0x0000125c                CyBleStackMgr_GetTime

i.CyBleStackMgr_HalInit
                0x00001270       0x24
 i.CyBleStackMgr_HalInit
                0x00001270       0x24 C:\Program Files (x86)\Cypress\PSoC Creator\3.2\PSoC Creator\psoc\content\cycomponentlibrary\CyComponentLibrary.cylib\BLE_v1_10\Library\gccCyBLEStack_BLE_SOC_PERIPHERAL.a(CyBleStackMgr_PSoCHal.o)
                0x00001270                CyBleStackMgr_HalInit

i.CyBleStackMgr_HalIntrEnable
                0x00001294        0x8
 i.CyBleStackMgr_HalIntrEnable
                0x00001294        0x8 C:\Program Files (x86)\Cypress\PSoC Creator\3.2\PSoC Creator\psoc\content\cycomponentlibrary\CyComponentLibrary.cylib\BLE_v1_10\Library\gccCyBLEStack_BLE_SOC_PERIPHERAL.a(CyBleStackMgr_PSoCHal.o)
                0x00001294                CyBleStackMgr_HalIntrEnable

i.CyBleStackMgr_HandleLinkLayerTick
                0x0000129c       0x5c
 i.CyBleStackMgr_HandleLinkLayerTick
                0x0000129c       0x5c C:\Program Files (x86)\Cypress\PSoC Creator\3.2\PSoC Creator\psoc\content\cycomponentlibrary\CyComponentLibrary.cylib\BLE_v1_10\Library\gccCyBLEStack_BLE_SOC_PERIPHERAL.a(CyBleStackMgr_PSoCHal.o)
                0x0000129c                CyBleStackMgr_HandleLinkLayerTick

i.CyBleStackMgr_HciPortInit
                0x000012f8        0xc
 i.CyBleStackMgr_HciPortInit
                0x000012f8        0xc C:\Program Files (x86)\Cypress\PSoC Creator\3.2\PSoC Creator\psoc\content\cycomponentlibrary\CyComponentLibrary.cylib\BLE_v1_10\Library\gccCyBLEStack_BLE_SOC_PERIPHERAL.a(CyBleStackMgr_PSoCHal.o)
                0x000012f8                CyBleStackMgr_HciPortInit

i.CyBleStackMgr_HciPortReset
                0x00001304        0x2
 i.CyBleStackMgr_HciPortReset
                0x00001304        0x2 C:\Program Files (x86)\Cypress\PSoC Creator\3.2\PSoC Creator\psoc\content\cycomponentlibrary\CyComponentLibrary.cylib\BLE_v1_10\Library\gccCyBLEStack_BLE_SOC_PERIPHERAL.a(CyBleStackMgr_PSoCHal.o)
                0x00001304                CyBleStackMgr_HciPortReset

i.CyBleStackMgr_HciPortWrite
                0x00001306        0x8
 i.CyBleStackMgr_HciPortWrite
                0x00001306        0x8 C:\Program Files (x86)\Cypress\PSoC Creator\3.2\PSoC Creator\psoc\content\cycomponentlibrary\CyComponentLibrary.cylib\BLE_v1_10\Library\gccCyBLEStack_BLE_SOC_PERIPHERAL.a(CyBleStackMgr_PSoCHal.o)
                0x00001306                CyBleStackMgr_HciPortWrite

i.CyBleStackMgr_ResetLinkLayerTimerEntity
                0x00001310       0x14
 i.CyBleStackMgr_ResetLinkLayerTimerEntity
                0x00001310       0x14 C:\Program Files (x86)\Cypress\PSoC Creator\3.2\PSoC Creator\psoc\content\cycomponentlibrary\CyComponentLibrary.cylib\BLE_v1_10\Library\gccCyBLEStack_BLE_SOC_PERIPHERAL.a(CyBleStackMgr_PSoCHal.o)
                0x00001310                CyBleStackMgr_ResetLinkLayerTimerEntity

i.CyBleStackMgr_TimerStart
                0x00001324       0x2c
 i.CyBleStackMgr_TimerStart
                0x00001324       0x2c C:\Program Files (x86)\Cypress\PSoC Creator\3.2\PSoC Creator\psoc\content\cycomponentlibrary\CyComponentLibrary.cylib\BLE_v1_10\Library\gccCyBLEStack_BLE_SOC_PERIPHERAL.a(CyBleStackMgr_PSoCHal.o)
                0x00001324                CyBleStackMgr_TimerStart

i.CyBleStackMgr_TimerStop
                0x00001350       0x18
 i.CyBleStackMgr_TimerStop
                0x00001350       0x18 C:\Program Files (x86)\Cypress\PSoC Creator\3.2\PSoC Creator\psoc\content\cycomponentlibrary\CyComponentLibrary.cylib\BLE_v1_10\Library\gccCyBLEStack_BLE_SOC_PERIPHERAL.a(CyBleStackMgr_PSoCHal.o)
                0x00001350                CyBleStackMgr_TimerStop

i.CyBleStackMgr_isTimerRunning
                0x00001368       0x10
 i.CyBleStackMgr_isTimerRunning
                0x00001368       0x10 C:\Program Files (x86)\Cypress\PSoC Creator\3.2\PSoC Creator\psoc\content\cycomponentlibrary\CyComponentLibrary.cylib\BLE_v1_10\Library\gccCyBLEStack_BLE_SOC_PERIPHERAL.a(CyBleStackMgr_PSoCHal.o)
                0x00001368                CyBleStackMgr_isTimerRunning

i.CyBleAtlantisRadioInit
                0x00001378      0x1ac
 i.CyBleAtlantisRadioInit
                0x00001378      0x1ac C:\Program Files (x86)\Cypress\PSoC Creator\3.2\PSoC Creator\psoc\content\cycomponentlibrary\CyComponentLibrary.cylib\BLE_v1_10\Library\gccCyBLEStack_BLE_SOC_PERIPHERAL.a(CyBleStackMgr_BleSSDriver.o)

i.CyBleStackMgr_BleSSFifoRead
                0x00001524       0x38
 i.CyBleStackMgr_BleSSFifoRead
                0x00001524       0x38 C:\Program Files (x86)\Cypress\PSoC Creator\3.2\PSoC Creator\psoc\content\cycomponentlibrary\CyComponentLibrary.cylib\BLE_v1_10\Library\gccCyBLEStack_BLE_SOC_PERIPHERAL.a(CyBleStackMgr_BleSSDriver.o)
                0x00001524                CyBleStackMgr_BleSSFifoRead

i.CyBleStackMgr_BleSSFifoWrite
                0x0000155c       0x30
 i.CyBleStackMgr_BleSSFifoWrite
                0x0000155c       0x30 C:\Program Files (x86)\Cypress\PSoC Creator\3.2\PSoC Creator\psoc\content\cycomponentlibrary\CyComponentLibrary.cylib\BLE_v1_10\Library\gccCyBLEStack_BLE_SOC_PERIPHERAL.a(CyBleStackMgr_BleSSDriver.o)
                0x0000155c                CyBleStackMgr_BleSSFifoWrite

i.CyBleStackMgr_BleSSInit
                0x0000158c       0x50
 i.CyBleStackMgr_BleSSInit
                0x0000158c       0x50 C:\Program Files (x86)\Cypress\PSoC Creator\3.2\PSoC Creator\psoc\content\cycomponentlibrary\CyComponentLibrary.cylib\BLE_v1_10\Library\gccCyBLEStack_BLE_SOC_PERIPHERAL.a(CyBleStackMgr_BleSSDriver.o)
                0x0000158c                CyBleStackMgr_BleSSInit

i.CyBleStackMgr_BleSSMemRead
                0x000015dc       0x26
 i.CyBleStackMgr_BleSSMemRead
                0x000015dc       0x26 C:\Program Files (x86)\Cypress\PSoC Creator\3.2\PSoC Creator\psoc\content\cycomponentlibrary\CyComponentLibrary.cylib\BLE_v1_10\Library\gccCyBLEStack_BLE_SOC_PERIPHERAL.a(CyBleStackMgr_BleSSDriver.o)
                0x000015dc                CyBleStackMgr_BleSSMemRead

i.CyBleStackMgr_BleSSMemWrite
                0x00001604       0x34
 i.CyBleStackMgr_BleSSMemWrite
                0x00001604       0x34 C:\Program Files (x86)\Cypress\PSoC Creator\3.2\PSoC Creator\psoc\content\cycomponentlibrary\CyComponentLibrary.cylib\BLE_v1_10\Library\gccCyBLEStack_BLE_SOC_PERIPHERAL.a(CyBleStackMgr_BleSSDriver.o)
                0x00001604                CyBleStackMgr_BleSSMemWrite

i.CyBleStackMgr_BleSSRegRead
                0x00001638        0xc
 i.CyBleStackMgr_BleSSRegRead
                0x00001638        0xc C:\Program Files (x86)\Cypress\PSoC Creator\3.2\PSoC Creator\psoc\content\cycomponentlibrary\CyComponentLibrary.cylib\BLE_v1_10\Library\gccCyBLEStack_BLE_SOC_PERIPHERAL.a(CyBleStackMgr_BleSSDriver.o)
                0x00001638                CyBleStackMgr_BleSSRegRead

i.CyBleStackMgr_BleSSRegWrite
                0x00001644        0xc
 i.CyBleStackMgr_BleSSRegWrite
                0x00001644        0xc C:\Program Files (x86)\Cypress\PSoC Creator\3.2\PSoC Creator\psoc\content\cycomponentlibrary\CyComponentLibrary.cylib\BLE_v1_10\Library\gccCyBLEStack_BLE_SOC_PERIPHERAL.a(CyBleStackMgr_BleSSDriver.o)
                0x00001644                CyBleStackMgr_BleSSRegWrite

i.CyBleStackMgr_BleSSReset
                0x00001650       0x2c
 i.CyBleStackMgr_BleSSReset
                0x00001650       0x2c C:\Program Files (x86)\Cypress\PSoC Creator\3.2\PSoC Creator\psoc\content\cycomponentlibrary\CyComponentLibrary.cylib\BLE_v1_10\Library\gccCyBLEStack_BLE_SOC_PERIPHERAL.a(CyBleStackMgr_BleSSDriver.o)
                0x00001650                CyBleStackMgr_BleSSReset

i.CyBleStackMgr_BleSSShutdown
                0x0000167c       0x24
 i.CyBleStackMgr_BleSSShutdown
                0x0000167c       0x24 C:\Program Files (x86)\Cypress\PSoC Creator\3.2\PSoC Creator\psoc\content\cycomponentlibrary\CyComponentLibrary.cylib\BLE_v1_10\Library\gccCyBLEStack_BLE_SOC_PERIPHERAL.a(CyBleStackMgr_BleSSDriver.o)
                0x0000167c                CyBleStackMgr_BleSSShutdown

i.CyBleStackMgr_GenericIface
                0x000016a0       0x3c
 i.CyBleStackMgr_GenericIface
                0x000016a0       0x3c C:\Program Files (x86)\Cypress\PSoC Creator\3.2\PSoC Creator\psoc\content\cycomponentlibrary\CyComponentLibrary.cylib\BLE_v1_10\Library\gccCyBLEStack_BLE_SOC_PERIPHERAL.a(CyBleStackMgr_BleSSDriver.o)
                0x000016a0                CyBleStackMgr_GenericIface

i.CyBleStackMgr_HandleBleSSIntr
                0x000016dc       0x94
 i.CyBleStackMgr_HandleBleSSIntr
                0x000016dc       0x94 C:\Program Files (x86)\Cypress\PSoC Creator\3.2\PSoC Creator\psoc\content\cycomponentlibrary\CyComponentLibrary.cylib\BLE_v1_10\Library\gccCyBLEStack_BLE_SOC_PERIPHERAL.a(CyBleStackMgr_BleSSDriver.o)
                0x000016dc                CyBleStackMgr_HandleBleSSIntr

i.CyBleStackMgr_SetClockParam
                0x00001770       0xb4
 i.CyBleStackMgr_SetClockParam
                0x00001770       0xb4 C:\Program Files (x86)\Cypress\PSoC Creator\3.2\PSoC Creator\psoc\content\cycomponentlibrary\CyComponentLibrary.cylib\BLE_v1_10\Library\gccCyBLEStack_BLE_SOC_PERIPHERAL.a(CyBleStackMgr_BleSSDriver.o)

i.CyBleStackMgr_isXtalCpuClkSource
                0x00001824       0x18
 i.CyBleStackMgr_isXtalCpuClkSource
                0x00001824       0x18 C:\Program Files (x86)\Cypress\PSoC Creator\3.2\PSoC Creator\psoc\content\cycomponentlibrary\CyComponentLibrary.cylib\BLE_v1_10\Library\gccCyBLEStack_BLE_SOC_PERIPHERAL.a(CyBleStackMgr_BleSSDriver.o)
                0x00001824                CyBleStackMgr_isXtalCpuClkSource

i.CyBle_EnterDsmMode
                0x0000183c       0x3c
 i.CyBle_EnterDsmMode
                0x0000183c       0x3c C:\Program Files (x86)\Cypress\PSoC Creator\3.2\PSoC Creator\psoc\content\cycomponentlibrary\CyComponentLibrary.cylib\BLE_v1_10\Library\gccCyBLEStack_BLE_SOC_PERIPHERAL.a(CyBleStackMgr_BleSSDriver.o)
                0x0000183c                CyBle_EnterDsmMode

i.CyBle_ExitDsmMode
                0x00001878       0x2c
 i.CyBle_ExitDsmMode
                0x00001878       0x2c C:\Program Files (x86)\Cypress\PSoC Creator\3.2\PSoC Creator\psoc\content\cycomponentlibrary\CyComponentLibrary.cylib\BLE_v1_10\Library\gccCyBLEStack_BLE_SOC_PERIPHERAL.a(CyBleStackMgr_BleSSDriver.o)
                0x00001878                CyBle_ExitDsmMode

i.CyBle_GetBleSsOperationalMode
                0x000018a4        0xc
 i.CyBle_GetBleSsOperationalMode
                0x000018a4        0xc C:\Program Files (x86)\Cypress\PSoC Creator\3.2\PSoC Creator\psoc\content\cycomponentlibrary\CyComponentLibrary.cylib\BLE_v1_10\Library\gccCyBLEStack_BLE_SOC_PERIPHERAL.a(CyBleStackMgr_BleSSDriver.o)
                0x000018a4                CyBle_GetBleSsOperationalMode

i.CyBle_GetEventCloseState
                0x000018b0       0x10
 i.CyBle_GetEventCloseState
                0x000018b0       0x10 C:\Program Files (x86)\Cypress\PSoC Creator\3.2\PSoC Creator\psoc\content\cycomponentlibrary\CyComponentLibrary.cylib\BLE_v1_10\Library\gccCyBLEStack_BLE_SOC_PERIPHERAL.a(CyBleStackMgr_BleSSDriver.o)
                0x000018b0                CyBle_GetEventCloseState

i.CyBle_GetLpMode
                0x000018c0       0x26
 i.CyBle_GetLpMode
                0x000018c0       0x26 C:\Program Files (x86)\Cypress\PSoC Creator\3.2\PSoC Creator\psoc\content\cycomponentlibrary\CyComponentLibrary.cylib\BLE_v1_10\Library\gccCyBLEStack_BLE_SOC_PERIPHERAL.a(CyBleStackMgr_BleSSDriver.o)
                0x000018c0                CyBle_GetLpMode

i.CyBle_GetTxGainMode
                0x000018e8       0x2c
 i.CyBle_GetTxGainMode
                0x000018e8       0x2c C:\Program Files (x86)\Cypress\PSoC Creator\3.2\PSoC Creator\psoc\content\cycomponentlibrary\CyComponentLibrary.cylib\BLE_v1_10\Library\gccCyBLEStack_BLE_SOC_PERIPHERAL.a(CyBleStackMgr_BleSSDriver.o)
                0x000018e8                CyBle_GetTxGainMode

i.CyBle_SetAutoWakeUp
                0x00001914        0xc
 i.CyBle_SetAutoWakeUp
                0x00001914        0xc C:\Program Files (x86)\Cypress\PSoC Creator\3.2\PSoC Creator\psoc\content\cycomponentlibrary\CyComponentLibrary.cylib\BLE_v1_10\Library\gccCyBLEStack_BLE_SOC_PERIPHERAL.a(CyBleStackMgr_BleSSDriver.o)
                0x00001914                CyBle_SetAutoWakeUp

i.CyBle_SetBleSsOperationalMode
                0x00001920       0x20
 i.CyBle_SetBleSsOperationalMode
                0x00001920       0x20 C:\Program Files (x86)\Cypress\PSoC Creator\3.2\PSoC Creator\psoc\content\cycomponentlibrary\CyComponentLibrary.cylib\BLE_v1_10\Library\gccCyBLEStack_BLE_SOC_PERIPHERAL.a(CyBleStackMgr_BleSSDriver.o)
                0x00001920                CyBle_SetBleSsOperationalMode

i.CyBle_SetEventCloseState
                0x00001940        0xc
 i.CyBle_SetEventCloseState
                0x00001940        0xc C:\Program Files (x86)\Cypress\PSoC Creator\3.2\PSoC Creator\psoc\content\cycomponentlibrary\CyComponentLibrary.cylib\BLE_v1_10\Library\gccCyBLEStack_BLE_SOC_PERIPHERAL.a(CyBleStackMgr_BleSSDriver.o)
                0x00001940                CyBle_SetEventCloseState

i.CyBle_SetTxGainMode
                0x0000194c       0x38
 i.CyBle_SetTxGainMode
                0x0000194c       0x38 C:\Program Files (x86)\Cypress\PSoC Creator\3.2\PSoC Creator\psoc\content\cycomponentlibrary\CyComponentLibrary.cylib\BLE_v1_10\Library\gccCyBLEStack_BLE_SOC_PERIPHERAL.a(CyBleStackMgr_BleSSDriver.o)
                0x0000194c                CyBle_SetTxGainMode

i.pf_rf_get_abs_rssi
                0x00001984       0x24
 i.pf_rf_get_abs_rssi
                0x00001984       0x24 C:\Program Files (x86)\Cypress\PSoC Creator\3.2\PSoC Creator\psoc\content\cycomponentlibrary\CyComponentLibrary.cylib\BLE_v1_10\Library\gccCyBLEStack_BLE_SOC_PERIPHERAL.a(CyBleStackMgr_BleSSDriver.o)
                0x00001984                pf_rf_get_abs_rssi

i.OS_init       0x000019a8       0x64
 i.OS_init      0x000019a8       0x64 C:\Program Files (x86)\Cypress\PSoC Creator\3.2\PSoC Creator\psoc\content\cycomponentlibrary\CyComponentLibrary.cylib\BLE_v1_10\Library\gccCyBLEStack_BLE_SOC_PERIPHERAL.a(mint_os.o)
                0x000019a8                OS_init

i.mintos_malloc
                0x00001a0c       0x34
 i.mintos_malloc
                0x00001a0c       0x34 C:\Program Files (x86)\Cypress\PSoC Creator\3.2\PSoC Creator\psoc\content\cycomponentlibrary\CyComponentLibrary.cylib\BLE_v1_10\Library\gccCyBLEStack_BLE_SOC_PERIPHERAL.a(mint_os.o)
                0x00001a0c                mintos_malloc

i.OS_create_queue
                0x00001a40       0x64
 i.OS_create_queue
                0x00001a40       0x64 C:\Program Files (x86)\Cypress\PSoC Creator\3.2\PSoC Creator\psoc\content\cycomponentlibrary\CyComponentLibrary.cylib\BLE_v1_10\Library\gccCyBLEStack_BLE_SOC_PERIPHERAL.a(mint_os_queue.o)
                0x00001a40                OS_create_queue

i.OS_enqueue_item
                0x00001aa4       0x8c
 i.OS_enqueue_item
                0x00001aa4       0x8c C:\Program Files (x86)\Cypress\PSoC Creator\3.2\PSoC Creator\psoc\content\cycomponentlibrary\CyComponentLibrary.cylib\BLE_v1_10\Library\gccCyBLEStack_BLE_SOC_PERIPHERAL.a(mint_os_queue.o)
                0x00001aa4                OS_enqueue_item

i.OS_queue_get_num_of_items
                0x00001b30       0x28
 i.OS_queue_get_num_of_items
                0x00001b30       0x28 C:\Program Files (x86)\Cypress\PSoC Creator\3.2\PSoC Creator\psoc\content\cycomponentlibrary\CyComponentLibrary.cylib\BLE_v1_10\Library\gccCyBLEStack_BLE_SOC_PERIPHERAL.a(mint_os_queue.o)
                0x00001b30                OS_queue_get_num_of_items

i.OS_queue_mgmt_init
                0x00001b58       0x40
 i.OS_queue_mgmt_init
                0x00001b58       0x40 C:\Program Files (x86)\Cypress\PSoC Creator\3.2\PSoC Creator\psoc\content\cycomponentlibrary\CyComponentLibrary.cylib\BLE_v1_10\Library\gccCyBLEStack_BLE_SOC_PERIPHERAL.a(mint_os_queue.o)
                0x00001b58                OS_queue_mgmt_init

i.OS_remove_item
                0x00001b98       0xa0
 i.OS_remove_item
                0x00001b98       0xa0 C:\Program Files (x86)\Cypress\PSoC Creator\3.2\PSoC Creator\psoc\content\cycomponentlibrary\CyComponentLibrary.cylib\BLE_v1_10\Library\gccCyBLEStack_BLE_SOC_PERIPHERAL.a(mint_os_queue.o)
                0x00001b98                OS_remove_item

i.OS_create_task
                0x00001c38       0x88
 i.OS_create_task
                0x00001c38       0x88 C:\Program Files (x86)\Cypress\PSoC Creator\3.2\PSoC Creator\psoc\content\cycomponentlibrary\CyComponentLibrary.cylib\BLE_v1_10\Library\gccCyBLEStack_BLE_SOC_PERIPHERAL.a(mint_os_task.o)
                0x00001c38                OS_create_task

i.OS_isr_send_signal_to_task
                0x00001cc0        0xc
 i.OS_isr_send_signal_to_task
                0x00001cc0        0xc C:\Program Files (x86)\Cypress\PSoC Creator\3.2\PSoC Creator\psoc\content\cycomponentlibrary\CyComponentLibrary.cylib\BLE_v1_10\Library\gccCyBLEStack_BLE_SOC_PERIPHERAL.a(mint_os_task.o)
                0x00001cc0                OS_isr_send_signal_to_task

i.OS_scheduler  0x00001ccc       0x64
 i.OS_scheduler
                0x00001ccc       0x64 C:\Program Files (x86)\Cypress\PSoC Creator\3.2\PSoC Creator\psoc\content\cycomponentlibrary\CyComponentLibrary.cylib\BLE_v1_10\Library\gccCyBLEStack_BLE_SOC_PERIPHERAL.a(mint_os_task.o)
                0x00001ccc                OS_scheduler

i.OS_send_signal_to_task
                0x00001d30        0xc
 i.OS_send_signal_to_task
                0x00001d30        0xc C:\Program Files (x86)\Cypress\PSoC Creator\3.2\PSoC Creator\psoc\content\cycomponentlibrary\CyComponentLibrary.cylib\BLE_v1_10\Library\gccCyBLEStack_BLE_SOC_PERIPHERAL.a(mint_os_task.o)
                0x00001d30                OS_send_signal_to_task

i.OS_send_signal_to_task_context
                0x00001d3c       0x3c
 i.OS_send_signal_to_task_context
                0x00001d3c       0x3c C:\Program Files (x86)\Cypress\PSoC Creator\3.2\PSoC Creator\psoc\content\cycomponentlibrary\CyComponentLibrary.cylib\BLE_v1_10\Library\gccCyBLEStack_BLE_SOC_PERIPHERAL.a(mint_os_task.o)

i.OS_task_mgmt_init
                0x00001d78       0x50
 i.OS_task_mgmt_init
                0x00001d78       0x50 C:\Program Files (x86)\Cypress\PSoC Creator\3.2\PSoC Creator\psoc\content\cycomponentlibrary\CyComponentLibrary.cylib\BLE_v1_10\Library\gccCyBLEStack_BLE_SOC_PERIPHERAL.a(mint_os_task.o)
                0x00001d78                OS_task_mgmt_init

i.mint_buf_mgmt_allocate_buffer
                0x00001dc8       0x4c
 i.mint_buf_mgmt_allocate_buffer
                0x00001dc8       0x4c C:\Program Files (x86)\Cypress\PSoC Creator\3.2\PSoC Creator\psoc\content\cycomponentlibrary\CyComponentLibrary.cylib\BLE_v1_10\Library\gccCyBLEStack_BLE_SOC_PERIPHERAL.a(mint_buf_mgmt.o)
                0x00001dc8                mint_buf_mgmt_allocate_buffer

i.mint_buf_mgmt_create_pool
                0x00001e14       0xd8
 i.mint_buf_mgmt_create_pool
                0x00001e14       0xd8 C:\Program Files (x86)\Cypress\PSoC Creator\3.2\PSoC Creator\psoc\content\cycomponentlibrary\CyComponentLibrary.cylib\BLE_v1_10\Library\gccCyBLEStack_BLE_SOC_PERIPHERAL.a(mint_buf_mgmt.o)
                0x00001e14                mint_buf_mgmt_create_pool

i.mint_buf_mgmt_free_buffer
                0x00001eec       0xa4
 i.mint_buf_mgmt_free_buffer
                0x00001eec       0xa4 C:\Program Files (x86)\Cypress\PSoC Creator\3.2\PSoC Creator\psoc\content\cycomponentlibrary\CyComponentLibrary.cylib\BLE_v1_10\Library\gccCyBLEStack_BLE_SOC_PERIPHERAL.a(mint_buf_mgmt.o)
                0x00001eec                mint_buf_mgmt_free_buffer

i.mint_buf_mgmt_get_free_heap
                0x00001f90       0x1c
 i.mint_buf_mgmt_get_free_heap
                0x00001f90       0x1c C:\Program Files (x86)\Cypress\PSoC Creator\3.2\PSoC Creator\psoc\content\cycomponentlibrary\CyComponentLibrary.cylib\BLE_v1_10\Library\gccCyBLEStack_BLE_SOC_PERIPHERAL.a(mint_buf_mgmt.o)
                0x00001f90                mint_buf_mgmt_get_free_heap

i.mint_buf_mgmt_init
                0x00001fac       0x44
 i.mint_buf_mgmt_init
                0x00001fac       0x44 C:\Program Files (x86)\Cypress\PSoC Creator\3.2\PSoC Creator\psoc\content\cycomponentlibrary\CyComponentLibrary.cylib\BLE_v1_10\Library\gccCyBLEStack_BLE_SOC_PERIPHERAL.a(mint_buf_mgmt.o)
                0x00001fac                mint_buf_mgmt_init

i.mint_buf_mgmt_malloc
                0x00001ff0       0x2c
 i.mint_buf_mgmt_malloc
                0x00001ff0       0x2c C:\Program Files (x86)\Cypress\PSoC Creator\3.2\PSoC Creator\psoc\content\cycomponentlibrary\CyComponentLibrary.cylib\BLE_v1_10\Library\gccCyBLEStack_BLE_SOC_PERIPHERAL.a(mint_buf_mgmt.o)
                0x00001ff0                mint_buf_mgmt_malloc

i.mint_buf_mgmt_reset_pool
                0x0000201c       0x70
 i.mint_buf_mgmt_reset_pool
                0x0000201c       0x70 C:\Program Files (x86)\Cypress\PSoC Creator\3.2\PSoC Creator\psoc\content\cycomponentlibrary\CyComponentLibrary.cylib\BLE_v1_10\Library\gccCyBLEStack_BLE_SOC_PERIPHERAL.a(mint_buf_mgmt.o)
                0x0000201c                mint_buf_mgmt_reset_pool

i.mint_buf_mgmt_stack_init
                0x0000208c       0x24
 i.mint_buf_mgmt_stack_init
                0x0000208c       0x24 C:\Program Files (x86)\Cypress\PSoC Creator\3.2\PSoC Creator\psoc\content\cycomponentlibrary\CyComponentLibrary.cylib\BLE_v1_10\Library\gccCyBLEStack_BLE_SOC_PERIPHERAL.a(mint_buf_mgmt.o)
                0x0000208c                mint_buf_mgmt_stack_init

i.mint_buf_mgmt_stack_pop
                0x000020b0       0x36
 i.mint_buf_mgmt_stack_pop
                0x000020b0       0x36 C:\Program Files (x86)\Cypress\PSoC Creator\3.2\PSoC Creator\psoc\content\cycomponentlibrary\CyComponentLibrary.cylib\BLE_v1_10\Library\gccCyBLEStack_BLE_SOC_PERIPHERAL.a(mint_buf_mgmt.o)
                0x000020b0                mint_buf_mgmt_stack_pop

i.mint_buf_mgmt_stack_push
                0x000020e6       0x36
 i.mint_buf_mgmt_stack_push
                0x000020e6       0x36 C:\Program Files (x86)\Cypress\PSoC Creator\3.2\PSoC Creator\psoc\content\cycomponentlibrary\CyComponentLibrary.cylib\BLE_v1_10\Library\gccCyBLEStack_BLE_SOC_PERIPHERAL.a(mint_buf_mgmt.o)
                0x000020e6                mint_buf_mgmt_stack_push

i.mint_buf_mgmt_stack_reset
                0x0000211c       0x1e
 i.mint_buf_mgmt_stack_reset
                0x0000211c       0x1e C:\Program Files (x86)\Cypress\PSoC Creator\3.2\PSoC Creator\psoc\content\cycomponentlibrary\CyComponentLibrary.cylib\BLE_v1_10\Library\gccCyBLEStack_BLE_SOC_PERIPHERAL.a(mint_buf_mgmt.o)
                0x0000211c                mint_buf_mgmt_stack_reset

i.mint_buf_mgmt_stack_search_item
                0x0000213a       0x30
 i.mint_buf_mgmt_stack_search_item
                0x0000213a       0x30 C:\Program Files (x86)\Cypress\PSoC Creator\3.2\PSoC Creator\psoc\content\cycomponentlibrary\CyComponentLibrary.cylib\BLE_v1_10\Library\gccCyBLEStack_BLE_SOC_PERIPHERAL.a(mint_buf_mgmt.o)
                0x0000213a                mint_buf_mgmt_stack_search_item

i.mint_buf_mgmt_pl_init
                0x0000216c       0x2c
 i.mint_buf_mgmt_pl_init
                0x0000216c       0x2c C:\Program Files (x86)\Cypress\PSoC Creator\3.2\PSoC Creator\psoc\content\cycomponentlibrary\CyComponentLibrary.cylib\BLE_v1_10\Library\gccCyBLEStack_BLE_SOC_PERIPHERAL.a(mint_buf_mgmt_pl.o)
                0x0000216c                mint_buf_mgmt_pl_init

i.CyBleControllerIP_GetPingState
                0x00002198        0xc
 i.CyBleControllerIP_GetPingState
                0x00002198        0xc C:\Program Files (x86)\Cypress\PSoC Creator\3.2\PSoC Creator\psoc\content\cycomponentlibrary\CyComponentLibrary.cylib\BLE_v1_10\Library\gccCyBLEStack_BLE_SOC_PERIPHERAL.a(CyBleControllerIP_Interface.o)
                0x00002198                CyBleControllerIP_GetPingState

i.CyBleController_AddDeviceToWhiteList
                0x000021a4       0x40
 i.CyBleController_AddDeviceToWhiteList
                0x000021a4       0x40 C:\Program Files (x86)\Cypress\PSoC Creator\3.2\PSoC Creator\psoc\content\cycomponentlibrary\CyComponentLibrary.cylib\BLE_v1_10\Library\gccCyBLEStack_BLE_SOC_PERIPHERAL.a(CyBleControllerIP_Interface.o)
                0x000021a4                CyBleController_AddDeviceToWhiteList

i.CyBleController_EnterLowPowerMode
                0x000021e4       0x2c
 i.CyBleController_EnterLowPowerMode
                0x000021e4       0x2c C:\Program Files (x86)\Cypress\PSoC Creator\3.2\PSoC Creator\psoc\content\cycomponentlibrary\CyComponentLibrary.cylib\BLE_v1_10\Library\gccCyBLEStack_BLE_SOC_PERIPHERAL.a(CyBleControllerIP_Interface.o)
                0x000021e4                CyBleController_EnterLowPowerMode

i.CyBleController_ExitLowPowerMode
                0x00002210       0x10
 i.CyBleController_ExitLowPowerMode
                0x00002210       0x10 C:\Program Files (x86)\Cypress\PSoC Creator\3.2\PSoC Creator\psoc\content\cycomponentlibrary\CyComponentLibrary.cylib\BLE_v1_10\Library\gccCyBLEStack_BLE_SOC_PERIPHERAL.a(CyBleControllerIP_Interface.o)
                0x00002210                CyBleController_ExitLowPowerMode

i.CyBleController_Init
                0x00002220       0x3c
 i.CyBleController_Init
                0x00002220       0x3c C:\Program Files (x86)\Cypress\PSoC Creator\3.2\PSoC Creator\psoc\content\cycomponentlibrary\CyComponentLibrary.cylib\BLE_v1_10\Library\gccCyBLEStack_BLE_SOC_PERIPHERAL.a(CyBleControllerIP_Interface.o)
                0x00002220                CyBleController_Init

i.CyBleController_SetDeviceAddress
                0x0000225c       0x2e
 i.CyBleController_SetDeviceAddress
                0x0000225c       0x2e C:\Program Files (x86)\Cypress\PSoC Creator\3.2\PSoC Creator\psoc\content\cycomponentlibrary\CyComponentLibrary.cylib\BLE_v1_10\Library\gccCyBLEStack_BLE_SOC_PERIPHERAL.a(CyBleControllerIP_Interface.o)
                0x0000225c                CyBleController_SetDeviceAddress

i.CyBle_GetBleSsState
                0x0000228a       0x10
 i.CyBle_GetBleSsState
                0x0000228a       0x10 C:\Program Files (x86)\Cypress\PSoC Creator\3.2\PSoC Creator\psoc\content\cycomponentlibrary\CyComponentLibrary.cylib\BLE_v1_10\Library\gccCyBLEStack_BLE_SOC_PERIPHERAL.a(CyBleControllerIP_Interface.o)
                0x0000228a                CyBle_GetBleSsState

i.CyBle_GetTxPowerLevel
                0x0000229a       0x4e
 i.CyBle_GetTxPowerLevel
                0x0000229a       0x4e C:\Program Files (x86)\Cypress\PSoC Creator\3.2\PSoC Creator\psoc\content\cycomponentlibrary\CyComponentLibrary.cylib\BLE_v1_10\Library\gccCyBLEStack_BLE_SOC_PERIPHERAL.a(CyBleControllerIP_Interface.o)
                0x0000229a                CyBle_GetTxPowerLevel

i.CyBle_SetTxPowerLevel
                0x000022e8       0x56
 i.CyBle_SetTxPowerLevel
                0x000022e8       0x56 C:\Program Files (x86)\Cypress\PSoC Creator\3.2\PSoC Creator\psoc\content\cycomponentlibrary\CyComponentLibrary.cylib\BLE_v1_10\Library\gccCyBLEStack_BLE_SOC_PERIPHERAL.a(CyBleControllerIP_Interface.o)
                0x000022e8                CyBle_SetTxPowerLevel

i.ll_check_and_mark_packet_ready_for_transmission
                0x00002340       0x28
 i.ll_check_and_mark_packet_ready_for_transmission
                0x00002340       0x28 C:\Program Files (x86)\Cypress\PSoC Creator\3.2\PSoC Creator\psoc\content\cycomponentlibrary\CyComponentLibrary.cylib\BLE_v1_10\Library\gccCyBLEStack_BLE_SOC_PERIPHERAL.a(ll.o)
                0x00002340                ll_check_and_mark_packet_ready_for_transmission

i.ll_cleanup_pending_data_pdu
                0x00002368       0x38
 i.ll_cleanup_pending_data_pdu
                0x00002368       0x38 C:\Program Files (x86)\Cypress\PSoC Creator\3.2\PSoC Creator\psoc\content\cycomponentlibrary\CyComponentLibrary.cylib\BLE_v1_10\Library\gccCyBLEStack_BLE_SOC_PERIPHERAL.a(ll.o)
                0x00002368                ll_cleanup_pending_data_pdu

i.ll_enter_dsm_mode
                0x000023a0      0x1a4
 i.ll_enter_dsm_mode
                0x000023a0      0x1a4 C:\Program Files (x86)\Cypress\PSoC Creator\3.2\PSoC Creator\psoc\content\cycomponentlibrary\CyComponentLibrary.cylib\BLE_v1_10\Library\gccCyBLEStack_BLE_SOC_PERIPHERAL.a(ll.o)
                0x000023a0                ll_enter_dsm_mode

i.ll_enter_hibernate_mode
                0x00002544       0x28
 i.ll_enter_hibernate_mode
                0x00002544       0x28 C:\Program Files (x86)\Cypress\PSoC Creator\3.2\PSoC Creator\psoc\content\cycomponentlibrary\CyComponentLibrary.cylib\BLE_v1_10\Library\gccCyBLEStack_BLE_SOC_PERIPHERAL.a(ll.o)
                0x00002544                ll_enter_hibernate_mode

i.ll_enter_sm_mode
                0x0000256c       0x60
 i.ll_enter_sm_mode
                0x0000256c       0x60 C:\Program Files (x86)\Cypress\PSoC Creator\3.2\PSoC Creator\psoc\content\cycomponentlibrary\CyComponentLibrary.cylib\BLE_v1_10\Library\gccCyBLEStack_BLE_SOC_PERIPHERAL.a(ll.o)
                0x0000256c                ll_enter_sm_mode

i.ll_exit_low_power_mode
                0x000025cc       0x98
 i.ll_exit_low_power_mode
                0x000025cc       0x98 C:\Program Files (x86)\Cypress\PSoC Creator\3.2\PSoC Creator\psoc\content\cycomponentlibrary\CyComponentLibrary.cylib\BLE_v1_10\Library\gccCyBLEStack_BLE_SOC_PERIPHERAL.a(ll.o)
                0x000025cc                ll_exit_low_power_mode

i.ll_get_ack_status
                0x00002664       0x3c
 i.ll_get_ack_status
                0x00002664       0x3c C:\Program Files (x86)\Cypress\PSoC Creator\3.2\PSoC Creator\psoc\content\cycomponentlibrary\CyComponentLibrary.cylib\BLE_v1_10\Library\gccCyBLEStack_BLE_SOC_PERIPHERAL.a(ll.o)
                0x00002664                ll_get_ack_status

i.ll_get_ack_status_for_all_connections
                0x000026a0       0x34
 i.ll_get_ack_status_for_all_connections
                0x000026a0       0x34 C:\Program Files (x86)\Cypress\PSoC Creator\3.2\PSoC Creator\psoc\content\cycomponentlibrary\CyComponentLibrary.cylib\BLE_v1_10\Library\gccCyBLEStack_BLE_SOC_PERIPHERAL.a(ll.o)
                0x000026a0                ll_get_ack_status_for_all_connections

i.ll_get_adv_ch_tx_power
                0x000026d4       0x20
 i.ll_get_adv_ch_tx_power
                0x000026d4       0x20 C:\Program Files (x86)\Cypress\PSoC Creator\3.2\PSoC Creator\psoc\content\cycomponentlibrary\CyComponentLibrary.cylib\BLE_v1_10\Library\gccCyBLEStack_BLE_SOC_PERIPHERAL.a(ll.o)
                0x000026d4                ll_get_adv_ch_tx_power

i.ll_get_data_channel_map
                0x000026f4       0x24
 i.ll_get_data_channel_map
                0x000026f4       0x24 C:\Program Files (x86)\Cypress\PSoC Creator\3.2\PSoC Creator\psoc\content\cycomponentlibrary\CyComponentLibrary.cylib\BLE_v1_10\Library\gccCyBLEStack_BLE_SOC_PERIPHERAL.a(ll.o)
                0x000026f4                ll_get_data_channel_map

i.ll_get_max_white_list_size
                0x00002718        0xc
 i.ll_get_max_white_list_size
                0x00002718        0xc C:\Program Files (x86)\Cypress\PSoC Creator\3.2\PSoC Creator\psoc\content\cycomponentlibrary\CyComponentLibrary.cylib\BLE_v1_10\Library\gccCyBLEStack_BLE_SOC_PERIPHERAL.a(ll.o)
                0x00002718                ll_get_max_white_list_size

i.ll_get_my_role
                0x00002724        0xc
 i.ll_get_my_role
                0x00002724        0xc C:\Program Files (x86)\Cypress\PSoC Creator\3.2\PSoC Creator\psoc\content\cycomponentlibrary\CyComponentLibrary.cylib\BLE_v1_10\Library\gccCyBLEStack_BLE_SOC_PERIPHERAL.a(ll.o)
                0x00002724                ll_get_my_role

i.ll_get_next_available_fifo_for_data_pdu
                0x00002730        0x8
 i.ll_get_next_available_fifo_for_data_pdu
                0x00002730        0x8 C:\Program Files (x86)\Cypress\PSoC Creator\3.2\PSoC Creator\psoc\content\cycomponentlibrary\CyComponentLibrary.cylib\BLE_v1_10\Library\gccCyBLEStack_BLE_SOC_PERIPHERAL.a(ll.o)
                0x00002730                ll_get_next_available_fifo_for_data_pdu

i.ll_get_next_available_fifo_for_ll_pdu
                0x00002738       0x24
 i.ll_get_next_available_fifo_for_ll_pdu
                0x00002738       0x24 C:\Program Files (x86)\Cypress\PSoC Creator\3.2\PSoC Creator\psoc\content\cycomponentlibrary\CyComponentLibrary.cylib\BLE_v1_10\Library\gccCyBLEStack_BLE_SOC_PERIPHERAL.a(ll.o)
                0x00002738                ll_get_next_available_fifo_for_ll_pdu

i.ll_get_rssi_value
                0x0000275c       0x26
 i.ll_get_rssi_value
                0x0000275c       0x26 C:\Program Files (x86)\Cypress\PSoC Creator\3.2\PSoC Creator\psoc\content\cycomponentlibrary\CyComponentLibrary.cylib\BLE_v1_10\Library\gccCyBLEStack_BLE_SOC_PERIPHERAL.a(ll.o)
                0x0000275c                ll_get_rssi_value

i.ll_get_transmit_power_level
                0x00002784       0x2c
 i.ll_get_transmit_power_level
                0x00002784       0x2c C:\Program Files (x86)\Cypress\PSoC Creator\3.2\PSoC Creator\psoc\content\cycomponentlibrary\CyComponentLibrary.cylib\BLE_v1_10\Library\gccCyBLEStack_BLE_SOC_PERIPHERAL.a(ll.o)
                0x00002784                ll_get_transmit_power_level

i.ll_handle_ack_received
                0x000027b0       0x74
 i.ll_handle_ack_received
                0x000027b0       0x74 C:\Program Files (x86)\Cypress\PSoC Creator\3.2\PSoC Creator\psoc\content\cycomponentlibrary\CyComponentLibrary.cylib\BLE_v1_10\Library\gccCyBLEStack_BLE_SOC_PERIPHERAL.a(ll.o)
                0x000027b0                ll_handle_ack_received

i.ll_handle_add_device_in_whitelist
                0x00002824       0x3a
 i.ll_handle_add_device_in_whitelist
                0x00002824       0x3a C:\Program Files (x86)\Cypress\PSoC Creator\3.2\PSoC Creator\psoc\content\cycomponentlibrary\CyComponentLibrary.cylib\BLE_v1_10\Library\gccCyBLEStack_BLE_SOC_PERIPHERAL.a(ll.o)
                0x00002824                ll_handle_add_device_in_whitelist

i.ll_handle_clear_whitelist
                0x0000285e       0x16
 i.ll_handle_clear_whitelist
                0x0000285e       0x16 C:\Program Files (x86)\Cypress\PSoC Creator\3.2\PSoC Creator\psoc\content\cycomponentlibrary\CyComponentLibrary.cylib\BLE_v1_10\Library\gccCyBLEStack_BLE_SOC_PERIPHERAL.a(ll.o)
                0x0000285e                ll_handle_clear_whitelist

i.ll_handle_encrypt_host_data
                0x00002874       0x36
 i.ll_handle_encrypt_host_data
                0x00002874       0x36 C:\Program Files (x86)\Cypress\PSoC Creator\3.2\PSoC Creator\psoc\content\cycomponentlibrary\CyComponentLibrary.cylib\BLE_v1_10\Library\gccCyBLEStack_BLE_SOC_PERIPHERAL.a(ll.o)
                0x00002874                ll_handle_encrypt_host_data

i.ll_handle_host_data_packet
                0x000028aa       0x54
 i.ll_handle_host_data_packet
                0x000028aa       0x54 C:\Program Files (x86)\Cypress\PSoC Creator\3.2\PSoC Creator\psoc\content\cycomponentlibrary\CyComponentLibrary.cylib\BLE_v1_10\Library\gccCyBLEStack_BLE_SOC_PERIPHERAL.a(ll.o)
                0x000028aa                ll_handle_host_data_packet

i.ll_handle_read_host_channel_map
                0x000028fe        0x4
 i.ll_handle_read_host_channel_map
                0x000028fe        0x4 C:\Program Files (x86)\Cypress\PSoC Creator\3.2\PSoC Creator\psoc\content\cycomponentlibrary\CyComponentLibrary.cylib\BLE_v1_10\Library\gccCyBLEStack_BLE_SOC_PERIPHERAL.a(ll.o)
                0x000028fe                ll_handle_read_host_channel_map

i.ll_handle_remove_device_in_whitelist
                0x00002902       0x2a
 i.ll_handle_remove_device_in_whitelist
                0x00002902       0x2a C:\Program Files (x86)\Cypress\PSoC Creator\3.2\PSoC Creator\psoc\content\cycomponentlibrary\CyComponentLibrary.cylib\BLE_v1_10\Library\gccCyBLEStack_BLE_SOC_PERIPHERAL.a(ll.o)
                0x00002902                ll_handle_remove_device_in_whitelist

i.ll_handle_reset
                0x0000292c        0xe
 i.ll_handle_reset
                0x0000292c        0xe C:\Program Files (x86)\Cypress\PSoC Creator\3.2\PSoC Creator\psoc\content\cycomponentlibrary\CyComponentLibrary.cylib\BLE_v1_10\Library\gccCyBLEStack_BLE_SOC_PERIPHERAL.a(ll.o)
                0x0000292c                ll_handle_reset

i.ll_handle_set_random_address
                0x0000293a       0x36
 i.ll_handle_set_random_address
                0x0000293a       0x36 C:\Program Files (x86)\Cypress\PSoC Creator\3.2\PSoC Creator\psoc\content\cycomponentlibrary\CyComponentLibrary.cylib\BLE_v1_10\Library\gccCyBLEStack_BLE_SOC_PERIPHERAL.a(ll.o)
                0x0000293a                ll_handle_set_random_address

i.ll_init       0x00002970       0x18
 i.ll_init      0x00002970       0x18 C:\Program Files (x86)\Cypress\PSoC Creator\3.2\PSoC Creator\psoc\content\cycomponentlibrary\CyComponentLibrary.cylib\BLE_v1_10\Library\gccCyBLEStack_BLE_SOC_PERIPHERAL.a(ll.o)
                0x00002970                ll_init

i.ll_initialize_device_attributes
                0x00002988       0x4c
 i.ll_initialize_device_attributes
                0x00002988       0x4c C:\Program Files (x86)\Cypress\PSoC Creator\3.2\PSoC Creator\psoc\content\cycomponentlibrary\CyComponentLibrary.cylib\BLE_v1_10\Library\gccCyBLEStack_BLE_SOC_PERIPHERAL.a(ll.o)
                0x00002988                ll_initialize_device_attributes

i.ll_is_pkt_pending
                0x000029d4       0x2a
 i.ll_is_pkt_pending
                0x000029d4       0x2a C:\Program Files (x86)\Cypress\PSoC Creator\3.2\PSoC Creator\psoc\content\cycomponentlibrary\CyComponentLibrary.cylib\BLE_v1_10\Library\gccCyBLEStack_BLE_SOC_PERIPHERAL.a(ll.o)
                0x000029d4                ll_is_pkt_pending

i.ll_is_sent_pkt_pending
                0x000029fe       0x1a
 i.ll_is_sent_pkt_pending
                0x000029fe       0x1a C:\Program Files (x86)\Cypress\PSoC Creator\3.2\PSoC Creator\psoc\content\cycomponentlibrary\CyComponentLibrary.cylib\BLE_v1_10\Library\gccCyBLEStack_BLE_SOC_PERIPHERAL.a(ll.o)
                0x000029fe                ll_is_sent_pkt_pending

i.ll_isr_exit_low_power_mode
                0x00002a18       0x16
 i.ll_isr_exit_low_power_mode
                0x00002a18       0x16 C:\Program Files (x86)\Cypress\PSoC Creator\3.2\PSoC Creator\psoc\content\cycomponentlibrary\CyComponentLibrary.cylib\BLE_v1_10\Library\gccCyBLEStack_BLE_SOC_PERIPHERAL.a(ll.o)
                0x00002a18                ll_isr_exit_low_power_mode

i.ll_load_host_data_packet
                0x00002a2e       0x4a
 i.ll_load_host_data_packet
                0x00002a2e       0x4a C:\Program Files (x86)\Cypress\PSoC Creator\3.2\PSoC Creator\psoc\content\cycomponentlibrary\CyComponentLibrary.cylib\BLE_v1_10\Library\gccCyBLEStack_BLE_SOC_PERIPHERAL.a(ll.o)
                0x00002a2e                ll_load_host_data_packet

i.ll_load_packet_to_fifo
                0x00002a78       0x6e
 i.ll_load_packet_to_fifo
                0x00002a78       0x6e C:\Program Files (x86)\Cypress\PSoC Creator\3.2\PSoC Creator\psoc\content\cycomponentlibrary\CyComponentLibrary.cylib\BLE_v1_10\Library\gccCyBLEStack_BLE_SOC_PERIPHERAL.a(ll.o)
                0x00002a78                ll_load_packet_to_fifo

i.ll_process_acks
                0x00002ae6       0x3c
 i.ll_process_acks
                0x00002ae6       0x3c C:\Program Files (x86)\Cypress\PSoC Creator\3.2\PSoC Creator\psoc\content\cycomponentlibrary\CyComponentLibrary.cylib\BLE_v1_10\Library\gccCyBLEStack_BLE_SOC_PERIPHERAL.a(ll.o)
                0x00002ae6                ll_process_acks

i.ll_reset      0x00002b22       0x12
 i.ll_reset     0x00002b22       0x12 C:\Program Files (x86)\Cypress\PSoC Creator\3.2\PSoC Creator\psoc\content\cycomponentlibrary\CyComponentLibrary.cylib\BLE_v1_10\Library\gccCyBLEStack_BLE_SOC_PERIPHERAL.a(ll.o)
                0x00002b22                ll_reset

i.ll_update_active_features
                0x00002b34       0x58
 i.ll_update_active_features
                0x00002b34       0x58 C:\Program Files (x86)\Cypress\PSoC Creator\3.2\PSoC Creator\psoc\content\cycomponentlibrary\CyComponentLibrary.cylib\BLE_v1_10\Library\gccCyBLEStack_BLE_SOC_PERIPHERAL.a(ll.o)
                0x00002b34                ll_update_active_features

i.ll_update_device_fsm
                0x00002b8c        0x8
 i.ll_update_device_fsm
                0x00002b8c        0x8 C:\Program Files (x86)\Cypress\PSoC Creator\3.2\PSoC Creator\psoc\content\cycomponentlibrary\CyComponentLibrary.cylib\BLE_v1_10\Library\gccCyBLEStack_BLE_SOC_PERIPHERAL.a(ll.o)
                0x00002b8c                ll_update_device_fsm

i.pf_le_start_timer
                0x00002b94       0x16
 i.pf_le_start_timer
                0x00002b94       0x16 C:\Program Files (x86)\Cypress\PSoC Creator\3.2\PSoC Creator\psoc\content\cycomponentlibrary\CyComponentLibrary.cylib\BLE_v1_10\Library\gccCyBLEStack_BLE_SOC_PERIPHERAL.a(ll.o)
                0x00002b94                pf_le_start_timer

i.pf_le_stop_timer
                0x00002baa       0x12
 i.pf_le_stop_timer
                0x00002baa       0x12 C:\Program Files (x86)\Cypress\PSoC Creator\3.2\PSoC Creator\psoc\content\cycomponentlibrary\CyComponentLibrary.cylib\BLE_v1_10\Library\gccCyBLEStack_BLE_SOC_PERIPHERAL.a(ll.o)
                0x00002baa                pf_le_stop_timer

i.CyBleControllerIP_TuneAdvEventInterPktSlots
                0x00002bbc       0x44
 i.CyBleControllerIP_TuneAdvEventInterPktSlots
                0x00002bbc       0x44 C:\Program Files (x86)\Cypress\PSoC Creator\3.2\PSoC Creator\psoc\content\cycomponentlibrary\CyComponentLibrary.cylib\BLE_v1_10\Library\gccCyBLEStack_BLE_SOC_PERIPHERAL.a(ll_advertiser.o)
                0x00002bbc                CyBleControllerIP_TuneAdvEventInterPktSlots

i.ll_adv_is_configured_connection_adv
                0x00002c00       0x1e
 i.ll_adv_is_configured_connection_adv
                0x00002c00       0x1e C:\Program Files (x86)\Cypress\PSoC Creator\3.2\PSoC Creator\psoc\content\cycomponentlibrary\CyComponentLibrary.cylib\BLE_v1_10\Library\gccCyBLEStack_BLE_SOC_PERIPHERAL.a(ll_advertiser.o)
                0x00002c00                ll_adv_is_configured_connection_adv

i.ll_check_random_address_in_use_by_advertiser
                0x00002c1e       0x10
 i.ll_check_random_address_in_use_by_advertiser
                0x00002c1e       0x10 C:\Program Files (x86)\Cypress\PSoC Creator\3.2\PSoC Creator\psoc\content\cycomponentlibrary\CyComponentLibrary.cylib\BLE_v1_10\Library\gccCyBLEStack_BLE_SOC_PERIPHERAL.a(ll_advertiser.o)
                0x00002c1e                ll_check_random_address_in_use_by_advertiser

i.ll_check_whitelist_in_use_by_advertiser
                0x00002c2e       0x10
 i.ll_check_whitelist_in_use_by_advertiser
                0x00002c2e       0x10 C:\Program Files (x86)\Cypress\PSoC Creator\3.2\PSoC Creator\psoc\content\cycomponentlibrary\CyComponentLibrary.cylib\BLE_v1_10\Library\gccCyBLEStack_BLE_SOC_PERIPHERAL.a(ll_advertiser.o)
                0x00002c2e                ll_check_whitelist_in_use_by_advertiser

i.ll_get_adv_status
                0x00002c3e        0xc
 i.ll_get_adv_status
                0x00002c3e        0xc C:\Program Files (x86)\Cypress\PSoC Creator\3.2\PSoC Creator\psoc\content\cycomponentlibrary\CyComponentLibrary.cylib\BLE_v1_10\Library\gccCyBLEStack_BLE_SOC_PERIPHERAL.a(ll_advertiser.o)
                0x00002c3e                ll_get_adv_status

i.ll_get_adv_type
                0x00002c4a       0x16
 i.ll_get_adv_type
                0x00002c4a       0x16 C:\Program Files (x86)\Cypress\PSoC Creator\3.2\PSoC Creator\psoc\content\cycomponentlibrary\CyComponentLibrary.cylib\BLE_v1_10\Library\gccCyBLEStack_BLE_SOC_PERIPHERAL.a(ll_advertiser.o)
                0x00002c4a                ll_get_adv_type

i.ll_handle_adv_intr
                0x00002c60       0x50
 i.ll_handle_adv_intr
                0x00002c60       0x50 C:\Program Files (x86)\Cypress\PSoC Creator\3.2\PSoC Creator\psoc\content\cycomponentlibrary\CyComponentLibrary.cylib\BLE_v1_10\Library\gccCyBLEStack_BLE_SOC_PERIPHERAL.a(ll_advertiser.o)
                0x00002c60                ll_handle_adv_intr

i.ll_handle_set_adv_data
                0x00002cb0       0x14
 i.ll_handle_set_adv_data
                0x00002cb0       0x14 C:\Program Files (x86)\Cypress\PSoC Creator\3.2\PSoC Creator\psoc\content\cycomponentlibrary\CyComponentLibrary.cylib\BLE_v1_10\Library\gccCyBLEStack_BLE_SOC_PERIPHERAL.a(ll_advertiser.o)
                0x00002cb0                ll_handle_set_adv_data

i.ll_handle_set_adv_parameters
                0x00002cc4       0x84
 i.ll_handle_set_adv_parameters
                0x00002cc4       0x84 C:\Program Files (x86)\Cypress\PSoC Creator\3.2\PSoC Creator\psoc\content\cycomponentlibrary\CyComponentLibrary.cylib\BLE_v1_10\Library\gccCyBLEStack_BLE_SOC_PERIPHERAL.a(ll_advertiser.o)
                0x00002cc4                ll_handle_set_adv_parameters

i.ll_handle_set_advertise_enable
                0x00002d48       0x70
 i.ll_handle_set_advertise_enable
                0x00002d48       0x70 C:\Program Files (x86)\Cypress\PSoC Creator\3.2\PSoC Creator\psoc\content\cycomponentlibrary\CyComponentLibrary.cylib\BLE_v1_10\Library\gccCyBLEStack_BLE_SOC_PERIPHERAL.a(ll_advertiser.o)
                0x00002d48                ll_handle_set_advertise_enable

i.ll_handle_set_scan_resp_data
                0x00002db8       0x14
 i.ll_handle_set_scan_resp_data
                0x00002db8       0x14 C:\Program Files (x86)\Cypress\PSoC Creator\3.2\PSoC Creator\psoc\content\cycomponentlibrary\CyComponentLibrary.cylib\BLE_v1_10\Library\gccCyBLEStack_BLE_SOC_PERIPHERAL.a(ll_advertiser.o)
                0x00002db8                ll_handle_set_scan_resp_data

i.ll_init_advertiser
                0x00002dcc       0x68
 i.ll_init_advertiser
                0x00002dcc       0x68 C:\Program Files (x86)\Cypress\PSoC Creator\3.2\PSoC Creator\psoc\content\cycomponentlibrary\CyComponentLibrary.cylib\BLE_v1_10\Library\gccCyBLEStack_BLE_SOC_PERIPHERAL.a(ll_advertiser.o)
                0x00002dcc                ll_init_advertiser

i.is_le_connection_handle
                0x00002e34       0x28
 i.is_le_connection_handle
                0x00002e34       0x28 C:\Program Files (x86)\Cypress\PSoC Creator\3.2\PSoC Creator\psoc\content\cycomponentlibrary\CyComponentLibrary.cylib\BLE_v1_10\Library\gccCyBLEStack_BLE_SOC_PERIPHERAL.a(ll_connection.o)
                0x00002e34                is_le_connection_handle

i.le_assign_connection_handle
                0x00002e5c       0x28
 i.le_assign_connection_handle
                0x00002e5c       0x28 C:\Program Files (x86)\Cypress\PSoC Creator\3.2\PSoC Creator\psoc\content\cycomponentlibrary\CyComponentLibrary.cylib\BLE_v1_10\Library\gccCyBLEStack_BLE_SOC_PERIPHERAL.a(ll_connection.o)
                0x00002e5c                le_assign_connection_handle

i.le_get_connection_index
                0x00002e84        0x6
 i.le_get_connection_index
                0x00002e84        0x6 C:\Program Files (x86)\Cypress\PSoC Creator\3.2\PSoC Creator\psoc\content\cycomponentlibrary\CyComponentLibrary.cylib\BLE_v1_10\Library\gccCyBLEStack_BLE_SOC_PERIPHERAL.a(ll_connection.o)
                0x00002e84                le_get_connection_index

i.ll_allocate_connection
                0x00002e8c       0x44
 i.ll_allocate_connection
                0x00002e8c       0x44 C:\Program Files (x86)\Cypress\PSoC Creator\3.2\PSoC Creator\psoc\content\cycomponentlibrary\CyComponentLibrary.cylib\BLE_v1_10\Library\gccCyBLEStack_BLE_SOC_PERIPHERAL.a(ll_connection.o)
                0x00002e8c                ll_allocate_connection

i.ll_calculate_and_program_def_win_widen_drift
                0x00002ed0       0x14
 i.ll_calculate_and_program_def_win_widen_drift
                0x00002ed0       0x14 C:\Program Files (x86)\Cypress\PSoC Creator\3.2\PSoC Creator\psoc\content\cycomponentlibrary\CyComponentLibrary.cylib\BLE_v1_10\Library\gccCyBLEStack_BLE_SOC_PERIPHERAL.a(ll_connection.o)
                0x00002ed0                ll_calculate_and_program_def_win_widen_drift

i.ll_calculate_drift
                0x00002ee4       0x2c
 i.ll_calculate_drift
                0x00002ee4       0x2c C:\Program Files (x86)\Cypress\PSoC Creator\3.2\PSoC Creator\psoc\content\cycomponentlibrary\CyComponentLibrary.cylib\BLE_v1_10\Library\gccCyBLEStack_BLE_SOC_PERIPHERAL.a(ll_connection.o)
                0x00002ee4                ll_calculate_drift

i.ll_check_and_decrypt_ll_pdu
                0x00002f10       0x68
 i.ll_check_and_decrypt_ll_pdu
                0x00002f10       0x68 C:\Program Files (x86)\Cypress\PSoC Creator\3.2\PSoC Creator\psoc\content\cycomponentlibrary\CyComponentLibrary.cylib\BLE_v1_10\Library\gccCyBLEStack_BLE_SOC_PERIPHERAL.a(ll_connection.o)
                0x00002f10                ll_check_and_decrypt_ll_pdu

i.ll_check_and_decrypt_packet
                0x00002f78       0x6a
 i.ll_check_and_decrypt_packet
                0x00002f78       0x6a C:\Program Files (x86)\Cypress\PSoC Creator\3.2\PSoC Creator\psoc\content\cycomponentlibrary\CyComponentLibrary.cylib\BLE_v1_10\Library\gccCyBLEStack_BLE_SOC_PERIPHERAL.a(ll_connection.o)
                0x00002f78                ll_check_and_decrypt_packet

i.ll_check_and_encrypt_ll_pdu
                0x00002fe2       0x72
 i.ll_check_and_encrypt_ll_pdu
                0x00002fe2       0x72 C:\Program Files (x86)\Cypress\PSoC Creator\3.2\PSoC Creator\psoc\content\cycomponentlibrary\CyComponentLibrary.cylib\BLE_v1_10\Library\gccCyBLEStack_BLE_SOC_PERIPHERAL.a(ll_connection.o)
                0x00002fe2                ll_check_and_encrypt_ll_pdu

i.ll_check_and_encrypt_packet
                0x00003054       0x8a
 i.ll_check_and_encrypt_packet
                0x00003054       0x8a C:\Program Files (x86)\Cypress\PSoC Creator\3.2\PSoC Creator\psoc\content\cycomponentlibrary\CyComponentLibrary.cylib\BLE_v1_10\Library\gccCyBLEStack_BLE_SOC_PERIPHERAL.a(ll_connection.o)
                0x00003054                ll_check_and_encrypt_packet

i.ll_check_for_allowing_incoming_connection_update
                0x000030de       0x42
 i.ll_check_for_allowing_incoming_connection_update
                0x000030de       0x42 C:\Program Files (x86)\Cypress\PSoC Creator\3.2\PSoC Creator\psoc\content\cycomponentlibrary\CyComponentLibrary.cylib\BLE_v1_10\Library\gccCyBLEStack_BLE_SOC_PERIPHERAL.a(ll_connection.o)
                0x000030de                ll_check_for_allowing_incoming_connection_update

i.ll_check_if_pdu_is_loaded_to_hardware
                0x00003120       0x1c
 i.ll_check_if_pdu_is_loaded_to_hardware
                0x00003120       0x1c C:\Program Files (x86)\Cypress\PSoC Creator\3.2\PSoC Creator\psoc\content\cycomponentlibrary\CyComponentLibrary.cylib\BLE_v1_10\Library\gccCyBLEStack_BLE_SOC_PERIPHERAL.a(ll_connection.o)
                0x00003120                ll_check_if_pdu_is_loaded_to_hardware

i.ll_check_random_address_in_use_by_initiator
                0x0000313c       0x30
 i.ll_check_random_address_in_use_by_initiator
                0x0000313c       0x30 C:\Program Files (x86)\Cypress\PSoC Creator\3.2\PSoC Creator\psoc\content\cycomponentlibrary\CyComponentLibrary.cylib\BLE_v1_10\Library\gccCyBLEStack_BLE_SOC_PERIPHERAL.a(ll_connection.o)
                0x0000313c                ll_check_random_address_in_use_by_initiator

i.ll_check_white_list_in_use_by_initiator
                0x0000316c       0x30
 i.ll_check_white_list_in_use_by_initiator
                0x0000316c       0x30 C:\Program Files (x86)\Cypress\PSoC Creator\3.2\PSoC Creator\psoc\content\cycomponentlibrary\CyComponentLibrary.cylib\BLE_v1_10\Library\gccCyBLEStack_BLE_SOC_PERIPHERAL.a(ll_connection.o)
                0x0000316c                ll_check_white_list_in_use_by_initiator

i.ll_conn_free_enc_txn_buffer
                0x0000319c       0x16
 i.ll_conn_free_enc_txn_buffer
                0x0000319c       0x16 C:\Program Files (x86)\Cypress\PSoC Creator\3.2\PSoC Creator\psoc\content\cycomponentlibrary\CyComponentLibrary.cylib\BLE_v1_10\Library\gccCyBLEStack_BLE_SOC_PERIPHERAL.a(ll_connection.o)
                0x0000319c                ll_conn_free_enc_txn_buffer

i.ll_conn_fsm_update_channel_state
                0x000031b2        0x6
 i.ll_conn_fsm_update_channel_state
                0x000031b2        0x6 C:\Program Files (x86)\Cypress\PSoC Creator\3.2\PSoC Creator\psoc\content\cycomponentlibrary\CyComponentLibrary.cylib\BLE_v1_10\Library\gccCyBLEStack_BLE_SOC_PERIPHERAL.a(ll_connection.o)
                0x000031b2                ll_conn_fsm_update_channel_state

i.ll_conn_fsm_update_conn_update_state
                0x000031b8        0x6
 i.ll_conn_fsm_update_conn_update_state
                0x000031b8        0x6 C:\Program Files (x86)\Cypress\PSoC Creator\3.2\PSoC Creator\psoc\content\cycomponentlibrary\CyComponentLibrary.cylib\BLE_v1_10\Library\gccCyBLEStack_BLE_SOC_PERIPHERAL.a(ll_connection.o)
                0x000031b8                ll_conn_fsm_update_conn_update_state

i.ll_conn_fsm_update_enc_state
                0x000031be        0x6
 i.ll_conn_fsm_update_enc_state
                0x000031be        0x6 C:\Program Files (x86)\Cypress\PSoC Creator\3.2\PSoC Creator\psoc\content\cycomponentlibrary\CyComponentLibrary.cylib\BLE_v1_10\Library\gccCyBLEStack_BLE_SOC_PERIPHERAL.a(ll_connection.o)
                0x000031be                ll_conn_fsm_update_enc_state

i.ll_conn_fsm_update_state
                0x000031c4        0x4
 i.ll_conn_fsm_update_state
                0x000031c4        0x4 C:\Program Files (x86)\Cypress\PSoC Creator\3.2\PSoC Creator\psoc\content\cycomponentlibrary\CyComponentLibrary.cylib\BLE_v1_10\Library\gccCyBLEStack_BLE_SOC_PERIPHERAL.a(ll_connection.o)
                0x000031c4                ll_conn_fsm_update_state

i.ll_conn_handle_data_pdu_from_host_when_data_paused
                0x000031c8        0x8
 i.ll_conn_handle_data_pdu_from_host_when_data_paused
                0x000031c8        0x8 C:\Program Files (x86)\Cypress\PSoC Creator\3.2\PSoC Creator\psoc\content\cycomponentlibrary\CyComponentLibrary.cylib\BLE_v1_10\Library\gccCyBLEStack_BLE_SOC_PERIPHERAL.a(ll_connection.o)
                0x000031c8                ll_conn_handle_data_pdu_from_host_when_data_paused

i.ll_conn_handle_direct_adv_timeout
                0x000031d0       0x2a
 i.ll_conn_handle_direct_adv_timeout
                0x000031d0       0x2a C:\Program Files (x86)\Cypress\PSoC Creator\3.2\PSoC Creator\psoc\content\cycomponentlibrary\CyComponentLibrary.cylib\BLE_v1_10\Library\gccCyBLEStack_BLE_SOC_PERIPHERAL.a(ll_connection.o)
                0x000031d0                ll_conn_handle_direct_adv_timeout

i.ll_conn_handle_ping_timer_expired_interrupt
                0x000031fc       0x1c
 i.ll_conn_handle_ping_timer_expired_interrupt
                0x000031fc       0x1c C:\Program Files (x86)\Cypress\PSoC Creator\3.2\PSoC Creator\psoc\content\cycomponentlibrary\CyComponentLibrary.cylib\BLE_v1_10\Library\gccCyBLEStack_BLE_SOC_PERIPHERAL.a(ll_connection.o)
                0x000031fc                ll_conn_handle_ping_timer_expired_interrupt

i.ll_conn_handle_ping_timer_nearly_expired_interrupt
                0x00003218       0x20
 i.ll_conn_handle_ping_timer_nearly_expired_interrupt
                0x00003218       0x20 C:\Program Files (x86)\Cypress\PSoC Creator\3.2\PSoC Creator\psoc\content\cycomponentlibrary\CyComponentLibrary.cylib\BLE_v1_10\Library\gccCyBLEStack_BLE_SOC_PERIPHERAL.a(ll_connection.o)
                0x00003218                ll_conn_handle_ping_timer_nearly_expired_interrupt

i.ll_conn_handle_stop_connectable_adv
                0x00003238       0x12
 i.ll_conn_handle_stop_connectable_adv
                0x00003238       0x12 C:\Program Files (x86)\Cypress\PSoC Creator\3.2\PSoC Creator\psoc\content\cycomponentlibrary\CyComponentLibrary.cylib\BLE_v1_10\Library\gccCyBLEStack_BLE_SOC_PERIPHERAL.a(ll_connection.o)
                0x00003238                ll_conn_handle_stop_connectable_adv

i.ll_conn_process_pending_transactions
                0x0000324a        0x4
 i.ll_conn_process_pending_transactions
                0x0000324a        0x4 C:\Program Files (x86)\Cypress\PSoC Creator\3.2\PSoC Creator\psoc\content\cycomponentlibrary\CyComponentLibrary.cylib\BLE_v1_10\Library\gccCyBLEStack_BLE_SOC_PERIPHERAL.a(ll_connection.o)
                0x0000324a                ll_conn_process_pending_transactions

i.ll_conn_program_authenticated_payload_timer
                0x00003250       0x50
 i.ll_conn_program_authenticated_payload_timer
                0x00003250       0x50 C:\Program Files (x86)\Cypress\PSoC Creator\3.2\PSoC Creator\psoc\content\cycomponentlibrary\CyComponentLibrary.cylib\BLE_v1_10\Library\gccCyBLEStack_BLE_SOC_PERIPHERAL.a(ll_connection.o)
                0x00003250                ll_conn_program_authenticated_payload_timer

i.ll_conn_read_data_pdu_from_hardware
                0x000032a0       0x14
 i.ll_conn_read_data_pdu_from_hardware
                0x000032a0       0x14 C:\Program Files (x86)\Cypress\PSoC Creator\3.2\PSoC Creator\psoc\content\cycomponentlibrary\CyComponentLibrary.cylib\BLE_v1_10\Library\gccCyBLEStack_BLE_SOC_PERIPHERAL.a(ll_connection.o)
                0x000032a0                ll_conn_read_data_pdu_from_hardware

i.ll_conn_send_ping_req_pdu
                0x000032b4       0x40
 i.ll_conn_send_ping_req_pdu
                0x000032b4       0x40 C:\Program Files (x86)\Cypress\PSoC Creator\3.2\PSoC Creator\psoc\content\cycomponentlibrary\CyComponentLibrary.cylib\BLE_v1_10\Library\gccCyBLEStack_BLE_SOC_PERIPHERAL.a(ll_connection.o)
                0x000032b4                ll_conn_send_ping_req_pdu

i.ll_conn_store_pending_tx_pdu
                0x000032f4       0x1a
 i.ll_conn_store_pending_tx_pdu
                0x000032f4       0x1a C:\Program Files (x86)\Cypress\PSoC Creator\3.2\PSoC Creator\psoc\content\cycomponentlibrary\CyComponentLibrary.cylib\BLE_v1_10\Library\gccCyBLEStack_BLE_SOC_PERIPHERAL.a(ll_connection.o)
                0x000032f4                ll_conn_store_pending_tx_pdu

i.ll_conn_update_rssi
                0x0000330e       0x16
 i.ll_conn_update_rssi
                0x0000330e       0x16 C:\Program Files (x86)\Cypress\PSoC Creator\3.2\PSoC Creator\psoc\content\cycomponentlibrary\CyComponentLibrary.cylib\BLE_v1_10\Library\gccCyBLEStack_BLE_SOC_PERIPHERAL.a(ll_connection.o)
                0x0000330e                ll_conn_update_rssi

i.ll_convert_hci_llid_to_ll_llid_host_to_controller
                0x00003324        0x8
 i.ll_convert_hci_llid_to_ll_llid_host_to_controller
                0x00003324        0x8 C:\Program Files (x86)\Cypress\PSoC Creator\3.2\PSoC Creator\psoc\content\cycomponentlibrary\CyComponentLibrary.cylib\BLE_v1_10\Library\gccCyBLEStack_BLE_SOC_PERIPHERAL.a(ll_connection.o)
                0x00003324                ll_convert_hci_llid_to_ll_llid_host_to_controller

i.ll_convert_ll_llid_to_hci_llid_controller_to_host
                0x0000332c        0x2
 i.ll_convert_ll_llid_to_hci_llid_controller_to_host
                0x0000332c        0x2 C:\Program Files (x86)\Cypress\PSoC Creator\3.2\PSoC Creator\psoc\content\cycomponentlibrary\CyComponentLibrary.cylib\BLE_v1_10\Library\gccCyBLEStack_BLE_SOC_PERIPHERAL.a(ll_connection.o)
                0x0000332c                ll_convert_ll_llid_to_hci_llid_controller_to_host

i.ll_decode_and_program_connect_req
                0x00003330       0xec
 i.ll_decode_and_program_connect_req
                0x00003330       0xec C:\Program Files (x86)\Cypress\PSoC Creator\3.2\PSoC Creator\psoc\content\cycomponentlibrary\CyComponentLibrary.cylib\BLE_v1_10\Library\gccCyBLEStack_BLE_SOC_PERIPHERAL.a(ll_connection.o)
                0x00003330                ll_decode_and_program_connect_req

i.ll_enc_fsm_derive_session_key
                0x0000341c       0x46
 i.ll_enc_fsm_derive_session_key
                0x0000341c       0x46 C:\Program Files (x86)\Cypress\PSoC Creator\3.2\PSoC Creator\psoc\content\cycomponentlibrary\CyComponentLibrary.cylib\BLE_v1_10\Library\gccCyBLEStack_BLE_SOC_PERIPHERAL.a(ll_connection.o)
                0x0000341c                ll_enc_fsm_derive_session_key

i.ll_enc_handle_enc_complete
                0x00003462       0x68
 i.ll_enc_handle_enc_complete
                0x00003462       0x68 C:\Program Files (x86)\Cypress\PSoC Creator\3.2\PSoC Creator\psoc\content\cycomponentlibrary\CyComponentLibrary.cylib\BLE_v1_10\Library\gccCyBLEStack_BLE_SOC_PERIPHERAL.a(ll_connection.o)
                0x00003462                ll_enc_handle_enc_complete

i.ll_enc_handle_enc_failure
                0x000034cc       0xa4
 i.ll_enc_handle_enc_failure
                0x000034cc       0xa4 C:\Program Files (x86)\Cypress\PSoC Creator\3.2\PSoC Creator\psoc\content\cycomponentlibrary\CyComponentLibrary.cylib\BLE_v1_10\Library\gccCyBLEStack_BLE_SOC_PERIPHERAL.a(ll_connection.o)
                0x000034cc                ll_enc_handle_enc_failure

i.ll_enc_handle_ll_reject_pdu_cb
                0x00003570       0x24
 i.ll_enc_handle_ll_reject_pdu_cb
                0x00003570       0x24 C:\Program Files (x86)\Cypress\PSoC Creator\3.2\PSoC Creator\psoc\content\cycomponentlibrary\CyComponentLibrary.cylib\BLE_v1_10\Library\gccCyBLEStack_BLE_SOC_PERIPHERAL.a(ll_connection.o)
                0x00003570                ll_enc_handle_ll_reject_pdu_cb

i.ll_enc_handle_ll_terminate_pdu
                0x00003594       0x16
 i.ll_enc_handle_ll_terminate_pdu
                0x00003594       0x16 C:\Program Files (x86)\Cypress\PSoC Creator\3.2\PSoC Creator\psoc\content\cycomponentlibrary\CyComponentLibrary.cylib\BLE_v1_10\Library\gccCyBLEStack_BLE_SOC_PERIPHERAL.a(ll_connection.o)
                0x00003594                ll_enc_handle_ll_terminate_pdu

i.ll_enc_handle_ll_unknown_resp_pdu_cb
                0x000035aa       0x24
 i.ll_enc_handle_ll_unknown_resp_pdu_cb
                0x000035aa       0x24 C:\Program Files (x86)\Cypress\PSoC Creator\3.2\PSoC Creator\psoc\content\cycomponentlibrary\CyComponentLibrary.cylib\BLE_v1_10\Library\gccCyBLEStack_BLE_SOC_PERIPHERAL.a(ll_connection.o)
                0x000035aa                ll_enc_handle_ll_unknown_resp_pdu_cb

i.ll_enc_handle_slave_await_to_start_cb
                0x000035d0       0x80
 i.ll_enc_handle_slave_await_to_start_cb
                0x000035d0       0x80 C:\Program Files (x86)\Cypress\PSoC Creator\3.2\PSoC Creator\psoc\content\cycomponentlibrary\CyComponentLibrary.cylib\BLE_v1_10\Library\gccCyBLEStack_BLE_SOC_PERIPHERAL.a(ll_connection.o)
                0x000035d0                ll_enc_handle_slave_await_to_start_cb

i.ll_enc_handle_slave_enc_resp_ack_cb
                0x00003650       0x28
 i.ll_enc_handle_slave_enc_resp_ack_cb
                0x00003650       0x28 C:\Program Files (x86)\Cypress\PSoC Creator\3.2\PSoC Creator\psoc\content\cycomponentlibrary\CyComponentLibrary.cylib\BLE_v1_10\Library\gccCyBLEStack_BLE_SOC_PERIPHERAL.a(ll_connection.o)
                0x00003650                ll_enc_handle_slave_enc_resp_ack_cb

i.ll_enc_handle_slave_ltk_neg_reply_cb
                0x00003678       0x60
 i.ll_enc_handle_slave_ltk_neg_reply_cb
                0x00003678       0x60 C:\Program Files (x86)\Cypress\PSoC Creator\3.2\PSoC Creator\psoc\content\cycomponentlibrary\CyComponentLibrary.cylib\BLE_v1_10\Library\gccCyBLEStack_BLE_SOC_PERIPHERAL.a(ll_connection.o)
                0x00003678                ll_enc_handle_slave_ltk_neg_reply_cb

i.ll_enc_handle_slave_pause_enc_req_cb
                0x000036d8       0x46
 i.ll_enc_handle_slave_pause_enc_req_cb
                0x000036d8       0x46 C:\Program Files (x86)\Cypress\PSoC Creator\3.2\PSoC Creator\psoc\content\cycomponentlibrary\CyComponentLibrary.cylib\BLE_v1_10\Library\gccCyBLEStack_BLE_SOC_PERIPHERAL.a(ll_connection.o)
                0x000036d8                ll_enc_handle_slave_pause_enc_req_cb

i.ll_enc_handle_slave_pause_enc_resp_cb
                0x0000371e       0x10
 i.ll_enc_handle_slave_pause_enc_resp_cb
                0x0000371e       0x10 C:\Program Files (x86)\Cypress\PSoC Creator\3.2\PSoC Creator\psoc\content\cycomponentlibrary\CyComponentLibrary.cylib\BLE_v1_10\Library\gccCyBLEStack_BLE_SOC_PERIPHERAL.a(ll_connection.o)
                0x0000371e                ll_enc_handle_slave_pause_enc_resp_cb

i.ll_enc_handle_slave_reject_ind_ack_cb
                0x0000372e       0x22
 i.ll_enc_handle_slave_reject_ind_ack_cb
                0x0000372e       0x22 C:\Program Files (x86)\Cypress\PSoC Creator\3.2\PSoC Creator\psoc\content\cycomponentlibrary\CyComponentLibrary.cylib\BLE_v1_10\Library\gccCyBLEStack_BLE_SOC_PERIPHERAL.a(ll_connection.o)
                0x0000372e                ll_enc_handle_slave_reject_ind_ack_cb

i.ll_enc_handle_slave_start_enc_resp_ack_cb
                0x00003750        0x8
 i.ll_enc_handle_slave_start_enc_resp_ack_cb
                0x00003750        0x8 C:\Program Files (x86)\Cypress\PSoC Creator\3.2\PSoC Creator\psoc\content\cycomponentlibrary\CyComponentLibrary.cylib\BLE_v1_10\Library\gccCyBLEStack_BLE_SOC_PERIPHERAL.a(ll_connection.o)
                0x00003750                ll_enc_handle_slave_start_enc_resp_ack_cb

i.ll_enc_handle_slave_start_enc_resp_cb
                0x00003758       0x34
 i.ll_enc_handle_slave_start_enc_resp_cb
                0x00003758       0x34 C:\Program Files (x86)\Cypress\PSoC Creator\3.2\PSoC Creator\psoc\content\cycomponentlibrary\CyComponentLibrary.cylib\BLE_v1_10\Library\gccCyBLEStack_BLE_SOC_PERIPHERAL.a(ll_connection.o)
                0x00003758                ll_enc_handle_slave_start_enc_resp_cb

i.ll_enc_send_start_encryption_request
                0x0000378c       0x38
 i.ll_enc_send_start_encryption_request
                0x0000378c       0x38 C:\Program Files (x86)\Cypress\PSoC Creator\3.2\PSoC Creator\psoc\content\cycomponentlibrary\CyComponentLibrary.cylib\BLE_v1_10\Library\gccCyBLEStack_BLE_SOC_PERIPHERAL.a(ll_connection.o)
                0x0000378c                ll_enc_send_start_encryption_request

i.ll_extract_pdu_opcode
                0x000037c4        0x4
 i.ll_extract_pdu_opcode
                0x000037c4        0x4 C:\Program Files (x86)\Cypress\PSoC Creator\3.2\PSoC Creator\psoc\content\cycomponentlibrary\CyComponentLibrary.cylib\BLE_v1_10\Library\gccCyBLEStack_BLE_SOC_PERIPHERAL.a(ll_connection.o)
                0x000037c4                ll_extract_pdu_opcode

i.ll_fsm_handle_conn_established_ind
                0x000037c8       0x7c
 i.ll_fsm_handle_conn_established_ind
                0x000037c8       0x7c C:\Program Files (x86)\Cypress\PSoC Creator\3.2\PSoC Creator\psoc\content\cycomponentlibrary\CyComponentLibrary.cylib\BLE_v1_10\Library\gccCyBLEStack_BLE_SOC_PERIPHERAL.a(ll_connection.o)
                0x000037c8                ll_fsm_handle_conn_established_ind

i.ll_fsm_handle_conn_failure_ind
                0x00003844        0xc
 i.ll_fsm_handle_conn_failure_ind
                0x00003844        0xc C:\Program Files (x86)\Cypress\PSoC Creator\3.2\PSoC Creator\psoc\content\cycomponentlibrary\CyComponentLibrary.cylib\BLE_v1_10\Library\gccCyBLEStack_BLE_SOC_PERIPHERAL.a(ll_connection.o)
                0x00003844                ll_fsm_handle_conn_failure_ind

i.ll_fsm_handle_disconnecting_state
                0x00003850       0x16
 i.ll_fsm_handle_disconnecting_state
                0x00003850       0x16 C:\Program Files (x86)\Cypress\PSoC Creator\3.2\PSoC Creator\psoc\content\cycomponentlibrary\CyComponentLibrary.cylib\BLE_v1_10\Library\gccCyBLEStack_BLE_SOC_PERIPHERAL.a(ll_connection.o)
                0x00003850                ll_fsm_handle_disconnecting_state

i.ll_fsm_handle_end_of_conn_interval
                0x00003868       0x30
 i.ll_fsm_handle_end_of_conn_interval